Component: ARM Compiler 5.06 update 5 (build 528) Tool: armlink [4d35e2]

==============================================================================

Section Cross References

    startup_stm32l452xx.o(RESET) refers to startup_stm32l452xx.o(STACK) for __initial_sp
    startup_stm32l452xx.o(RESET) refers to startup_stm32l452xx.o(.text) for Reset_Handler
    startup_stm32l452xx.o(RESET) refers to context_rvds.o(.text) for HardFault_Handler
    startup_stm32l452xx.o(RESET) refers to board.o(i.SysTick_Handler) for SysTick_Handler
    startup_stm32l452xx.o(.text) refers to system_stm32l4xx.o(i.SystemInit) for SystemInit
    startup_stm32l452xx.o(.text) refers to entry.o(.ARM.Collect$$$$00000000) for __main
    system_stm32l4xx.o(i.SystemCoreClockUpdate) refers to system_stm32l4xx.o(.constdata) for .constdata
    system_stm32l4xx.o(i.SystemCoreClockUpdate) refers to system_stm32l4xx.o(.data) for .data
    main.o(i.MX_GPIO_Init) refers to stm32l4xx_hal_gpio.o(i.HAL_GPIO_WritePin) for HAL_GPIO_WritePin
    main.o(i.MX_GPIO_Init) refers to stm32l4xx_hal_gpio.o(i.HAL_GPIO_Init) for HAL_GPIO_Init
    main.o(i.MX_USART2_UART_Init) refers to stm32l4xx_hal_uart.o(i.HAL_UART_Init) for HAL_UART_Init
    main.o(i.MX_USART2_UART_Init) refers to main.o(.bss) for .bss
    main.o(i.SystemClock_Config) refers to stm32l4xx_hal_rcc.o(i.HAL_RCC_OscConfig) for HAL_RCC_OscConfig
    main.o(i.SystemClock_Config) refers to stm32l4xx_hal_rcc.o(i.HAL_RCC_ClockConfig) for HAL_RCC_ClockConfig
    main.o(i.SystemClock_Config) refers to stm32l4xx_hal_rcc_ex.o(i.HAL_RCCEx_PeriphCLKConfig) for HAL_RCCEx_PeriphCLKConfig
    main.o(i.SystemClock_Config) refers to stm32l4xx_hal_pwr_ex.o(i.HAL_PWREx_ControlVoltageScaling) for HAL_PWREx_ControlVoltageScaling
    main.o(i.SystemClock_Config) refers to stm32l4xx_hal_rcc.o(i.HAL_RCC_GetHCLKFreq) for HAL_RCC_GetHCLKFreq
    main.o(i.SystemClock_Config) refers to stm32l4xx_hal_cortex.o(i.HAL_SYSTICK_Config) for HAL_SYSTICK_Config
    main.o(i.SystemClock_Config) refers to stm32l4xx_hal_cortex.o(i.HAL_SYSTICK_CLKSourceConfig) for HAL_SYSTICK_CLKSourceConfig
    main.o(i.SystemClock_Config) refers to stm32l4xx_hal_cortex.o(i.HAL_NVIC_SetPriority) for HAL_NVIC_SetPriority
    main.o(i.main) refers to stm32l4xx_hal_gpio.o(i.HAL_GPIO_WritePin) for HAL_GPIO_WritePin
    main.o(i.main) refers to thread.o(i.rt_thread_delay) for rt_thread_delay
    main.o(.rti_fn.1) refers to main.o(i.MX_USART2_UART_Init) for MX_USART2_UART_Init
    main.o(.rti_fn.1) refers to main.o(i.MX_GPIO_Init) for MX_GPIO_Init
    stm32l4xx_hal_msp.o(i.HAL_MspInit) refers to stm32l4xx_hal_cortex.o(i.HAL_NVIC_SetPriorityGrouping) for HAL_NVIC_SetPriorityGrouping
    stm32l4xx_hal_msp.o(i.HAL_MspInit) refers to stm32l4xx_hal_cortex.o(i.HAL_NVIC_SetPriority) for HAL_NVIC_SetPriority
    stm32l4xx_hal_msp.o(i.HAL_UART_MspDeInit) refers to stm32l4xx_hal_gpio.o(i.HAL_GPIO_DeInit) for HAL_GPIO_DeInit
    stm32l4xx_hal_msp.o(i.HAL_UART_MspInit) refers to stm32l4xx_hal_gpio.o(i.HAL_GPIO_Init) for HAL_GPIO_Init
    stm32l4xx_hal_dma.o(i.HAL_DMA_PollForTransfer) refers to stm32l4xx_hal.o(i.HAL_GetTick) for HAL_GetTick
    stm32l4xx_hal_dma.o(i.HAL_DMA_Start) refers to stm32l4xx_hal_dma.o(i.DMA_SetConfig) for DMA_SetConfig
    stm32l4xx_hal_dma.o(i.HAL_DMA_Start_IT) refers to stm32l4xx_hal_dma.o(i.DMA_SetConfig) for DMA_SetConfig
    stm32l4xx_hal_flash_ex.o(i.FLASH_FlushCaches) refers to stm32l4xx_hal_flash.o(.bss) for pFlash
    stm32l4xx_hal_flash_ex.o(i.FLASH_OB_PCROPConfig) refers to stm32l4xx_hal_flash.o(i.FLASH_WaitForLastOperation) for FLASH_WaitForLastOperation
    stm32l4xx_hal_flash_ex.o(i.FLASH_OB_UserConfig) refers to stm32l4xx_hal_flash.o(i.FLASH_WaitForLastOperation) for FLASH_WaitForLastOperation
    stm32l4xx_hal_flash_ex.o(i.HAL_FLASHEx_Erase) refers to stm32l4xx_hal_flash.o(i.FLASH_WaitForLastOperation) for FLASH_WaitForLastOperation
    stm32l4xx_hal_flash_ex.o(i.HAL_FLASHEx_Erase) refers to stm32l4xx_hal_flash_ex.o(i.FLASH_MassErase) for FLASH_MassErase
    stm32l4xx_hal_flash_ex.o(i.HAL_FLASHEx_Erase) refers to stm32l4xx_hal_flash_ex.o(i.FLASH_PageErase) for FLASH_PageErase
    stm32l4xx_hal_flash_ex.o(i.HAL_FLASHEx_Erase) refers to stm32l4xx_hal_flash_ex.o(i.FLASH_FlushCaches) for FLASH_FlushCaches
    stm32l4xx_hal_flash_ex.o(i.HAL_FLASHEx_Erase) refers to stm32l4xx_hal_flash.o(.bss) for pFlash
    stm32l4xx_hal_flash_ex.o(i.HAL_FLASHEx_Erase_IT) refers to stm32l4xx_hal_flash_ex.o(i.FLASH_PageErase) for FLASH_PageErase
    stm32l4xx_hal_flash_ex.o(i.HAL_FLASHEx_Erase_IT) refers to stm32l4xx_hal_flash_ex.o(i.FLASH_MassErase) for FLASH_MassErase
    stm32l4xx_hal_flash_ex.o(i.HAL_FLASHEx_Erase_IT) refers to stm32l4xx_hal_flash.o(.bss) for pFlash
    stm32l4xx_hal_flash_ex.o(i.HAL_FLASHEx_OBProgram) refers to stm32l4xx_hal_flash.o(i.FLASH_WaitForLastOperation) for FLASH_WaitForLastOperation
    stm32l4xx_hal_flash_ex.o(i.HAL_FLASHEx_OBProgram) refers to stm32l4xx_hal_flash_ex.o(i.FLASH_OB_UserConfig) for FLASH_OB_UserConfig
[...]
    ..\Src\stm32l4xx_hal_msp.c               0x00000000   Number         0  stm32l4xx_hal_msp.o ABSOLUTE
    ..\Src\stm32l4xx_it.c                    0x00000000   Number         0  stm32l4xx_it.o ABSOLUTE
    ..\Src\system_stm32l4xx.c                0x00000000   Number         0  system_stm32l4xx.o ABSOLUTE
    D:\Keil_v5_mdk\ARM\PACK\rt-thread\rtthread\3.0.3\components\finsh\cmd.c 0x00000000   Number         0  cmd.o ABSOLUTE
    D:\Keil_v5_mdk\ARM\PACK\rt-thread\rtthread\3.0.3\components\finsh\msh.c 0x00000000   Number         0  msh.o ABSOLUTE
    D:\Keil_v5_mdk\ARM\PACK\rt-thread\rtthread\3.0.3\components\finsh\msh_cmd.c 0x00000000   Number         0  msh_cmd.o ABSOLUTE
    D:\Keil_v5_mdk\ARM\PACK\rt-thread\rtthread\3.0.3\components\finsh\msh_file.c 0x00000000   Number         0  msh_file.o ABSOLUTE
    D:\Keil_v5_mdk\ARM\PACK\rt-thread\rtthread\3.0.3\components\finsh\shell.c 0x00000000   Number         0  shell.o ABSOLUTE
    D:\Keil_v5_mdk\ARM\PACK\rt-thread\rtthread\3.0.3\components\finsh\symbol.c 0x00000000   Number         0  symbol.o ABSOLUTE
    D:\Keil_v5_mdk\ARM\PACK\rt-thread\rtthread\3.0.3\libcpu\arm\cortex-m4\context_rvds.S 0x00000000   Number         0  context_rvds.o ABSOLUTE
    D:\Keil_v5_mdk\ARM\PACK\rt-thread\rtthread\3.0.3\libcpu\arm\cortex-m4\cpuport.c 0x00000000   Number         0  cpuport.o ABSOLUTE
    D:\Keil_v5_mdk\ARM\PACK\rt-thread\rtthread\3.0.3\src\clock.c 0x00000000   Number         0  clock.o ABSOLUTE
    D:\Keil_v5_mdk\ARM\PACK\rt-thread\rtthread\3.0.3\src\components.c 0x00000000   Number         0  components.o ABSOLUTE
    D:\Keil_v5_mdk\ARM\PACK\rt-thread\rtthread\3.0.3\src\device.c 0x00000000   Number         0  device.o ABSOLUTE
    D:\Keil_v5_mdk\ARM\PACK\rt-thread\rtthread\3.0.3\src\idle.c 0x00000000   Number         0  idle.o ABSOLUTE
    D:\Keil_v5_mdk\ARM\PACK\rt-thread\rtthread\3.0.3\src\ipc.c 0x00000000   Number         0  ipc.o ABSOLUTE
    D:\Keil_v5_mdk\ARM\PACK\rt-thread\rtthread\3.0.3\src\irq.c 0x00000000   Number         0  irq.o ABSOLUTE
    D:\Keil_v5_mdk\ARM\PACK\rt-thread\rtthread\3.0.3\src\kservice.c 0x00000000   Number         0  kservice.o ABSOLUTE
    D:\Keil_v5_mdk\ARM\PACK\rt-thread\rtthread\3.0.3\src\mem.c 0x00000000   Number         0  mem.o ABSOLUTE
    D:\Keil_v5_mdk\ARM\PACK\rt-thread\rtthread\3.0.3\src\object.c 0x00000000   Number         0  object.o ABSOLUTE
    D:\Keil_v5_mdk\ARM\PACK\rt-thread\rtthread\3.0.3\src\scheduler.c 0x00000000   Number         0  scheduler.o ABSOLUTE
    D:\Keil_v5_mdk\ARM\PACK\rt-thread\rtthread\3.0.3\src\thread.c 0x00000000   Number         0  thread.o ABSOLUTE
    D:\Keil_v5_mdk\ARM\PACK\rt-thread\rtthread\3.0.3\src\timer.c 0x00000000   Number         0  timer.o ABSOLUTE
    RTE\RTOS\board.c                         0x00000000   Number         0  board.o ABSOLUTE
    dc.s                                     0x00000000   Number         0  dc.o ABSOLUTE
    handlers.s                               0x00000000   Number         0  handlers.o ABSOLUTE
    init.s                                   0x00000000   Number         0  init.o ABSOLUTE
    startup_stm32l452xx.s                    0x00000000   Number         0  startup_stm32l452xx.o ABSOLUTE
    RESET                                    0x08000000   Section      404  startup_stm32l452xx.o(RESET)
    .ARM.Collect$$$$00000000                 0x08000194   Section        0  entry.o(.ARM.Collect$$$$00000000)
    .ARM.Collect$$$$00000001                 0x08000194   Section        4  entry2.o(.ARM.Collect$$$$00000001)
    .ARM.Collect$$$$00000004                 0x08000198   Section        4  entry5.o(.ARM.Collect$$$$00000004)
    .ARM.Collect$$$$00000008                 0x0800019c   Section        0  entry7b.o(.ARM.Collect$$$$00000008)
    .ARM.Collect$$$$0000000A                 0x0800019c   Section        0  entry8b.o(.ARM.Collect$$$$0000000A)
    .ARM.Collect$$$$0000000B                 0x0800019c   Section        8  entry9a.o(.ARM.Collect$$$$0000000B)
    .ARM.Collect$$$$0000000D                 0x080001a4   Section        0  entry10a.o(.ARM.Collect$$$$0000000D)
    .ARM.Collect$$$$0000000F                 0x080001a4   Section        0  entry11a.o(.ARM.Collect$$$$0000000F)
    .ARM.Collect$$$$00002712                 0x080001a4   Section        4  entry2.o(.ARM.Collect$$$$00002712)
    __lit__00000000                          0x080001a4   Data           4  entry2.o(.ARM.Collect$$$$00002712)
    .text                                    0x080001a8   Section       36  startup_stm32l452xx.o(.text)
    $v0                                      0x080001a8   Number         0  startup_stm32l452xx.o(.text)
    .text                                    0x080001cc   Section      272  context_rvds.o(.text)
    $v0                                      0x080001cc   Number         0  context_rvds.o(.text)
    .text                                    0x080002e8   Section        0  uldiv.o(.text)
    .text                                    0x08000350   Section        0  memcpya.o(.text)
    .text                                    0x08000374   Section        0  memseta.o(.text)
    .text                                    0x08000398   Section        0  strcat.o(.text)
    .text                                    0x080003b0   Section        0  strlen.o(.text)
    .text                                    0x080003be   Section        0  strcpy.o(.text)
    .text                                    0x080003d0   Section        0  strncmp.o(.text)
    .text                                    0x080003ee   Section        0  llshl.o(.text)
    .text                                    0x0800040c   Section        0  llushr.o(.text)
    .text                                    0x0800042c   Section       36  init.o(.text)
    i.$Sub$$main                             0x08000450   Section        0  components.o(i.$Sub$$main)
    i.HAL_GPIO_Init                          0x08000460   Section        0  stm32l4xx_hal_gpio.o(i.HAL_GPIO_Init)
    i.HAL_GPIO_WritePin                      0x080005ee   Section        0  stm32l4xx_hal_gpio.o(i.HAL_GPIO_WritePin)
    i.HAL_GetTick                            0x080005f8   Section        0  stm32l4xx_hal.o(i.HAL_GetTick)
    i.HAL_InitTick                           0x08000604   Section        0  stm32l4xx_hal.o(i.HAL_InitTick)
    i.HAL_NVIC_SetPriority                   0x0800062c   Section        0  stm32l4xx_hal_cortex.o(i.HAL_NVIC_SetPriority)
    i.HAL_PWREx_ControlVoltageScaling        0x0800066c   Section        0  stm32l4xx_hal_pwr_ex.o(i.HAL_PWREx_ControlVoltageScaling)
    i.HAL_PWREx_GetVoltageRange              0x080006d0   Section        0  stm32l4xx_hal_pwr_ex.o(i.HAL_PWREx_GetVoltageRange)
    i.HAL_RCCEx_PeriphCLKConfig              0x080006e0   Section        0  stm32l4xx_hal_rcc_ex.o(i.HAL_RCCEx_PeriphCLKConfig)
    i.HAL_RCC_ClockConfig                    0x080009fc   Section        0  stm32l4xx_hal_rcc.o(i.HAL_RCC_ClockConfig)
    i.HAL_RCC_GetHCLKFreq                    0x08000b74   Section        0  stm32l4xx_hal_rcc.o(i.HAL_RCC_GetHCLKFreq)
    i.HAL_RCC_GetPCLK1Freq                   0x08000b80   Section        0  stm32l4xx_hal_rcc.o(i.HAL_RCC_GetPCLK1Freq)
    i.HAL_RCC_GetPCLK2Freq                   0x08000ba0   Section        0  stm32l4xx_hal_rcc.o(i.HAL_RCC_GetPCLK2Freq)
    i.HAL_RCC_GetSysClockFreq                0x08000bc0   Section        0  stm32l4xx_hal_rcc.o(i.HAL_RCC_GetSysClockFreq)
    i.HAL_RCC_OscConfig                      0x08000c84   Section        0  stm32l4xx_hal_rcc.o(i.HAL_RCC_OscConfig)
    i.HAL_SYSTICK_CLKSourceConfig            0x08001134   Section        0  stm32l4xx_hal_cortex.o(i.HAL_SYSTICK_CLKSourceConfig)
    i.HAL_SYSTICK_Config                     0x0800114c   Section        0  stm32l4xx_hal_cortex.o(i.HAL_SYSTICK_Config)
    i.HAL_UART_Init                          0x08001174   Section        0  stm32l4xx_hal_uart.o(i.HAL_UART_Init)
    i.HAL_UART_MspInit                       0x080011e0   Section        0  stm32l4xx_hal_msp.o(i.HAL_UART_MspInit)
    i.MX_GPIO_Init                           0x08001228   Section        0  main.o(i.MX_GPIO_Init)
    i.MX_USART2_UART_Init                    0x080012b8   Section        0  main.o(i.MX_USART2_UART_Init)
    i.NVIC_SetPriority                       0x080012f0   Section        0  stm32l4xx_hal_cortex.o(i.NVIC_SetPriority)
    NVIC_SetPriority                         0x080012f1   Thumb Code    32  stm32l4xx_hal_cortex.o(i.NVIC_SetPriority)
    i.RCCEx_PLLSAI1_Config                   0x08001310   Section        0  stm32l4xx_hal_rcc_ex.o(i.RCCEx_PLLSAI1_Config)
    RCCEx_PLLSAI1_Config                     0x08001311   Thumb Code   278  stm32l4xx_hal_rcc_ex.o(i.RCCEx_PLLSAI1_Config)
    i.RCC_SetFlashLatencyFromMSIRange        0x0800143c   Section        0  stm32l4xx_hal_rcc.o(i.RCC_SetFlashLatencyFromMSIRange)
    RCC_SetFlashLatencyFromMSIRange          0x0800143d   Thumb Code   116  stm32l4xx_hal_rcc.o(i.RCC_SetFlashLatencyFromMSIRange)
    i.SysTick_Handler                        0x080014b8   Section        0  board.o(i.SysTick_Handler)
    i.SystemClock_Config                     0x080014ca   Section        0  main.o(i.SystemClock_Config)
    i.SystemCoreClockUpdate                  0x08001550   Section        0  system_stm32l4xx.o(i.SystemCoreClockUpdate)
    i.SystemInit                             0x080015f8   Section        0  system_stm32l4xx.o(i.SystemInit)
    i.UART_AdvFeatureConfig                  0x0800163c   Section        0  stm32l4xx_hal_uart.o(i.UART_AdvFeatureConfig)
    i.UART_CheckIdleState                    0x08001704   Section        0  stm32l4xx_hal_uart.o(i.UART_CheckIdleState)
    i.UART_SetConfig                         0x08001760   Section        0  stm32l4xx_hal_uart.o(i.UART_SetConfig)
    i.UART_WaitOnFlagUntilTimeout            0x080019d8   Section        0  stm32l4xx_hal_uart.o(i.UART_WaitOnFlagUntilTimeout)
    i.__rt_ffs                               0x08001a3c   Section        0  kservice.o(i.__rt_ffs)
    i.__scatterload_copy                     0x08001a80   Section       14  handlers.o(i.__scatterload_copy)
    i.__scatterload_null                     0x08001a8e   Section        2  handlers.o(i.__scatterload_null)
    i.__scatterload_zeroinit                 0x08001a90   Section       14  handlers.o(i.__scatterload_zeroinit)
    i._has_defunct_thread                    0x08001aa0   Section        0  idle.o(i._has_defunct_thread)
    _has_defunct_thread                      0x08001aa1   Thumb Code    16  idle.o(i._has_defunct_thread)
    i._list_device                           0x08001ab4   Section        0  cmd.o(i._list_device)
    _list_device                             0x08001ab5   Thumb Code   114  cmd.o(i._list_device)
    i._list_mailbox                          0x08001b94   Section        0  cmd.o(i._list_mailbox)
    _list_mailbox                            0x08001b95   Thumb Code   154  cmd.o(i._list_mailbox)
    i._list_sem                              0x08001cb4   Section        0  cmd.o(i._list_sem)
    _list_sem                                0x08001cb5   Thumb Code   134  cmd.o(i._list_sem)
    i._list_thread                           0x08001d9c   Section        0  cmd.o(i._list_thread)
    _list_thread                             0x08001d9d   Thumb Code   166  cmd.o(i._list_thread)
    i._list_timer                            0x08001ef4   Section        0  cmd.o(i._list_timer)
    _list_timer                              0x08001ef5   Thumb Code   104  cmd.o(i._list_timer)
    i._msh_exec_cmd                          0x08001ffc   Section        0  msh.o(i._msh_exec_cmd)
    _msh_exec_cmd                            0x08001ffd   Thumb Code   140  msh.o(i._msh_exec_cmd)
    i._rt_thread_init                        0x080020a0   Section        0  thread.o(i._rt_thread_init)
    _rt_thread_init                          0x080020a1   Thumb Code   118  thread.o(i._rt_thread_init)
    i._rt_timer_remove                       0x08002120   Section        0  timer.o(i._rt_timer_remove)
    _rt_timer_remove                         0x08002121   Thumb Code    18  timer.o(i._rt_timer_remove)
    i.cmd_ps                                 0x08002132   Section        0  msh_cmd.o(i.cmd_ps)
    i.cmd_time                               0x0800213c   Section        0  msh_cmd.o(i.cmd_time)
    i.finsh_get_prompt                       0x08002140   Section        0  shell.o(i.finsh_get_prompt)
    i.finsh_rx_ind                           0x08002178   Section        0  shell.o(i.finsh_rx_ind)
    finsh_rx_ind                             0x08002179   Thumb Code    14  shell.o(i.finsh_rx_ind)
    i.finsh_set_device                       0x0800218c   Section        0  shell.o(i.finsh_set_device)
    i.finsh_system_function_init             0x08002220   Section        0  shell.o(i.finsh_system_function_init)
    i.finsh_system_init                      0x08002234   Section        0  shell.o(i.finsh_system_init)
    i.finsh_thread_entry                     0x080022a8   Section        0  shell.o(i.finsh_thread_entry)
    i.hello                                  0x08002590   Section        0  cmd.o(i.hello)
    i.list                                   0x080025b0   Section        0  cmd.o(i.list)
    i.list_device                            0x08002604   Section        0  cmd.o(i.list_device)
    i.list_mailbox                           0x08002616   Section        0  cmd.o(i.list_mailbox)
    i.list_sem                               0x08002628   Section        0  cmd.o(i.list_sem)
    i.list_thread                            0x0800263a   Section        0  cmd.o(i.list_thread)
    i.list_timer                             0x0800264c   Section        0  cmd.o(i.list_timer)
    i.main                                   0x0800265e   Section        0  main.o(i.main)
    i.main_thread_entry                      0x0800268e   Section        0  components.o(i.main_thread_entry)
    i.msh_auto_complete                      0x0800269c   Section        0  msh.o(i.msh_auto_complete)
    i.msh_exec                               0x08002748   Section        0  msh.o(i.msh_exec)
    i.msh_help                               0x080027ac   Section        0  msh.o(i.msh_help)
    i.msh_is_used                            0x08002818   Section        0  msh.o(i.msh_is_used)
    i.msh_split                              0x0800281c   Section        0  msh.o(i.msh_split)
    msh_split                                0x0800281d   Thumb Code   172  msh.o(i.msh_split)
    i.object_name_maxlen                     0x080028ec   Section        0  cmd.o(i.object_name_maxlen)
    object_name_maxlen                       0x080028ed   Thumb Code    52  cmd.o(i.object_name_maxlen)
    i.object_split                           0x08002920   Section        0  cmd.o(i.object_split)
    object_split                             0x08002921   Thumb Code    18  cmd.o(i.object_split)
    i.print_number                           0x08002938   Section        0  kservice.o(i.print_number)
    print_number                             0x08002939   Thumb Code   294  kservice.o(i.print_number)
    i.rt_application_init                    0x08002a6c   Section        0  components.o(i.rt_application_init)
    i.rt_components_board_init               0x08002aa8   Section        0  components.o(i.rt_components_board_init)
    i.rt_components_init                     0x08002ac4   Section        0  components.o(i.rt_components_init)
    i.rt_console_get_device                  0x08002ae0   Section        0  kservice.o(i.rt_console_get_device)
    i.rt_console_set_device                  0x08002aec   Section        0  kservice.o(i.rt_console_set_device)
    i.rt_device_close                        0x08002b14   Section        0  device.o(i.rt_device_close)
    i.rt_device_find                         0x08002b44   Section        0  device.o(i.rt_device_find)
    i.rt_device_open                         0x08002b98   Section        0  device.o(i.rt_device_open)
    i.rt_device_read                         0x08002c40   Section        0  device.o(i.rt_device_read)
    i.rt_device_set_rx_indicate              0x08002c64   Section        0  device.o(i.rt_device_set_rx_indicate)
    i.rt_device_write                        0x08002c6a   Section        0  device.o(i.rt_device_write)
    i.rt_enter_critical                      0x08002c90   Section        0  scheduler.o(i.rt_enter_critical)
    i.rt_exit_critical                       0x08002cac   Section        0  scheduler.o(i.rt_exit_critical)
    i.rt_hw_board_init                       0x08002cdc   Section        0  board.o(i.rt_hw_board_init)
    i.rt_hw_console_output                   0x08002d2c   Section        0  kservice.o(i.rt_hw_console_output)
    i.rt_hw_hard_fault_exception             0x08002d30   Section        0  cpuport.o(i.rt_hw_hard_fault_exception)
    i.rt_hw_stack_init                       0x08002e38   Section        0  cpuport.o(i.rt_hw_stack_init)
    i.rt_interrupt_enter                     0x08002e74   Section        0  irq.o(i.rt_interrupt_enter)
    i.rt_interrupt_get_nest                  0x08002e90   Section        0  irq.o(i.rt_interrupt_get_nest)
    i.rt_interrupt_leave                     0x08002e9c   Section        0  irq.o(i.rt_interrupt_leave)
    i.rt_ipc_list_suspend                    0x08002eb8   Section        0  ipc.o(i.rt_ipc_list_suspend)
    rt_ipc_list_suspend                      0x08002eb9   Thumb Code    82  ipc.o(i.rt_ipc_list_suspend)
    i.rt_kprintf                             0x08002f0c   Section        0  kservice.o(i.rt_kprintf)
    i.rt_list_insert_after                   0x08002f54   Section        0  thread.o(i.rt_list_insert_after)
    rt_list_insert_after                     0x08002f55   Thumb Code    14  thread.o(i.rt_list_insert_after)
    i.rt_list_insert_after                   0x08002f62   Section        0  timer.o(i.rt_list_insert_after)
    rt_list_insert_after                     0x08002f63   Thumb Code    14  timer.o(i.rt_list_insert_after)
    i.rt_list_insert_before                  0x08002f70   Section        0  ipc.o(i.rt_list_insert_before)
    rt_list_insert_before                    0x08002f71   Thumb Code    14  ipc.o(i.rt_list_insert_before)
    i.rt_list_len                            0x08002f7e   Section        0  cmd.o(i.rt_list_len)
    rt_list_len                              0x08002f7f   Thumb Code    18  cmd.o(i.rt_list_len)
    i.rt_list_remove                         0x08002f90   Section        0  thread.o(i.rt_list_remove)
    rt_list_remove                           0x08002f91   Thumb Code    18  thread.o(i.rt_list_remove)
    i.rt_memmove                             0x08002fa4   Section        0  kservice.o(i.rt_memmove)
    i.rt_memset                              0x08002fd8   Section        0  kservice.o(i.rt_memset)
    i.rt_object_detach                       0x0800301e   Section        0  object.o(i.rt_object_detach)
    i.rt_object_get_information              0x08003040   Section        0  object.o(i.rt_object_get_information)
    i.rt_object_init                         0x08003064   Section        0  object.o(i.rt_object_init)
    i.rt_object_is_systemobject              0x080030a2   Section        0  object.o(i.rt_object_is_systemobject)
    i.rt_schedule                            0x080030b0   Section        0  scheduler.o(i.rt_schedule)
    i.rt_schedule_insert_thread              0x08003108   Section        0  scheduler.o(i.rt_schedule_insert_thread)
    i.rt_schedule_remove_thread              0x08003150   Section        0  scheduler.o(i.rt_schedule_remove_thread)
    i.rt_sem_init                            0x08003198   Section        0  ipc.o(i.rt_sem_init)
    i.rt_sem_release                         0x080031bc   Section        0  ipc.o(i.rt_sem_release)
    i.rt_sem_take                            0x080031f2   Section        0  ipc.o(i.rt_sem_take)
    i.rt_set_errno                           0x08003260   Section        0  kservice.o(i.rt_set_errno)
    i.rt_show_version                        0x08003280   Section        0  kservice.o(i.rt_show_version)
    i.rt_strlen                              0x08003330   Section        0  kservice.o(i.rt_strlen)
    i.rt_strncmp                             0x08003340   Section        0  kservice.o(i.rt_strncmp)
    i.rt_strncpy                             0x08003360   Section        0  kservice.o(i.rt_strncpy)
    i.rt_system_scheduler_init               0x08003388   Section        0  scheduler.o(i.rt_system_scheduler_init)
    i.rt_system_scheduler_start              0x080033bc   Section        0  scheduler.o(i.rt_system_scheduler_start)
    i.rt_system_timer_init                   0x080033e4   Section        0  timer.o(i.rt_system_timer_init)
    i.rt_system_timer_thread_init            0x080033f0   Section        0  timer.o(i.rt_system_timer_thread_init)
    i.rt_thread_delay                        0x080033f2   Section        0  thread.o(i.rt_thread_delay)
    i.rt_thread_exit                         0x080033f8   Section        0  thread.o(i.rt_thread_exit)
    i.rt_thread_idle_entry                   0x08003450   Section        0  idle.o(i.rt_thread_idle_entry)
    rt_thread_idle_entry                     0x08003451   Thumb Code     6  idle.o(i.rt_thread_idle_entry)
    i.rt_thread_idle_excute                  0x08003458   Section        0  idle.o(i.rt_thread_idle_excute)
    i.rt_thread_idle_init                    0x080034bc   Section        0  idle.o(i.rt_thread_idle_init)
    i.rt_thread_init                         0x080034f4   Section        0  thread.o(i.rt_thread_init)
    i.rt_thread_resume                       0x0800352a   Section        0  thread.o(i.rt_thread_resume)
    i.rt_thread_self                         0x08003568   Section        0  thread.o(i.rt_thread_self)
    i.rt_thread_sleep                        0x08003574   Section        0  thread.o(i.rt_thread_sleep)
    i.rt_thread_startup                      0x080035b4   Section        0  thread.o(i.rt_thread_startup)
    i.rt_thread_suspend                      0x080035e0   Section        0  thread.o(i.rt_thread_suspend)
    i.rt_thread_timeout                      0x0800361a   Section        0  thread.o(i.rt_thread_timeout)
    i.rt_thread_yield                        0x0800363c   Section        0  thread.o(i.rt_thread_yield)
    i.rt_tick_get                            0x0800369c   Section        0  clock.o(i.rt_tick_get)
    i.rt_tick_increase                       0x080036a8   Section        0  clock.o(i.rt_tick_increase)
    i.rt_timer_check                         0x080036d4   Section        0  timer.o(i.rt_timer_check)
    i.rt_timer_control                       0x0800373c   Section        0  timer.o(i.rt_timer_control)
    i.rt_timer_detach                        0x0800376c   Section        0  timer.o(i.rt_timer_detach)
    i.rt_timer_init                          0x0800378c   Section        0  timer.o(i.rt_timer_init)
    i.rt_timer_start                         0x080037bc   Section        0  timer.o(i.rt_timer_start)
    i.rt_timer_stop                          0x08003848   Section        0  timer.o(i.rt_timer_stop)
    i.rt_vsnprintf                           0x08003878   Section        0  kservice.o(i.rt_vsnprintf)
    i.rti_board_end                          0x08003af2   Section        0  components.o(i.rti_board_end)
    rti_board_end                            0x08003af3   Thumb Code     4  components.o(i.rti_board_end)
    i.rti_board_start                        0x08003af6   Section        0  components.o(i.rti_board_start)
    rti_board_start                          0x08003af7   Thumb Code     4  components.o(i.rti_board_start)
    i.rti_end                                0x08003afa   Section        0  components.o(i.rti_end)
    rti_end                                  0x08003afb   Thumb Code     4  components.o(i.rti_end)
    i.rti_start                              0x08003afe   Section        0  components.o(i.rti_start)
    rti_start                                0x08003aff   Thumb Code     4  components.o(i.rti_start)
    i.rtthread_startup                       0x08003b02   Section        0  components.o(i.rtthread_startup)
    i.show_wait_queue                        0x08003b2c   Section        0  cmd.o(i.show_wait_queue)
    show_wait_queue                          0x08003b2d   Thumb Code    38  cmd.o(i.show_wait_queue)
    i.skip_atoi                              0x08003b5c   Section        0  kservice.o(i.skip_atoi)
    skip_atoi                                0x08003b5d   Thumb Code    40  kservice.o(i.skip_atoi)
    i.version                                0x08003b84   Section        0  cmd.o(i.version)
    .constdata                               0x08003b90   Section       64  system_stm32l4xx.o(.constdata)
    .constdata                               0x08003bd0   Section        8  system_stm32l4xx.o(.constdata)
    .constdata                               0x08003bd8   Section      290  kservice.o(.constdata)
    small_digits                             0x08003cd8   Data          17  kservice.o(.constdata)
    large_digits                             0x08003ce9   Data          17  kservice.o(.constdata)
    .constdata                               0x08003cfc   Section      260  cmd.o(.constdata)
    __tagsym$$used                           0x08003cfc   Number         0  cmd.o(.constdata)
    __tagsym$$used                           0x08003d02   Number         0  cmd.o(.constdata)
    __tagsym$$used                           0x08003d0a   Number         0  cmd.o(.constdata)
    __tagsym$$used                           0x08003d18   Number         0  cmd.o(.constdata)
    __tagsym$$used                           0x08003d24   Number         0  cmd.o(.constdata)
    __tagsym$$used                           0x08003d36   Number         0  cmd.o(.constdata)
    __tagsym$$used                           0x08003d3f   Number         0  cmd.o(.constdata)
    __tagsym$$used                           0x08003d4e   Number         0  cmd.o(.constdata)
    __tagsym$$used                           0x08003d5b   Number         0  cmd.o(.constdata)
    __tagsym$$used                           0x08003d6e   Number         0  cmd.o(.constdata)
    __tagsym$$used                           0x08003d79   Number         0  cmd.o(.constdata)
    __tagsym$$used                           0x08003d8a   Number         0  cmd.o(.constdata)
    __tagsym$$used                           0x08003d96   Number         0  cmd.o(.constdata)
    __tagsym$$used                           0x08003da8   Number         0  cmd.o(.constdata)
    .constdata                               0x08003e00   Section       11  msh.o(.constdata)
    __tagsym$$used                           0x08003e00   Number         0  msh.o(.constdata)
    .constdata                               0x08003e0b   Section       20  msh_cmd.o(.constdata)
    __tagsym$$used                           0x08003e0b   Number         0  msh_cmd.o(.constdata)
    __tagsym$$used                           0x08003e14   Number         0  msh_cmd.o(.constdata)
    .conststring                             0x08003e20   Section      349  cmd.o(.conststring)
    .rti_fn.0                                0x08003f80   Section        4  components.o(.rti_fn.0)
    __tagsym$$used                           0x08003f80   Number         0  components.o(.rti_fn.0)
    .rti_fn.0.end                            0x08003f84   Section        4  components.o(.rti_fn.0.end)
    __tagsym$$used                           0x08003f84   Number         0  components.o(.rti_fn.0.end)
    .rti_fn.1                                0x08003f88   Section        8  main.o(.rti_fn.1)
    __tagsym$$used                           0x08003f88   Number         0  main.o(.rti_fn.1)
    __tagsym$$used                           0x08003f8c   Number         0  main.o(.rti_fn.1)
    .rti_fn.1.end                            0x08003f90   Section        4  components.o(.rti_fn.1.end)
    __tagsym$$used                           0x08003f90   Number         0  components.o(.rti_fn.1.end)
    .rti_fn.6                                0x08003f94   Section        4  shell.o(.rti_fn.6)
    __tagsym$$used                           0x08003f94   Number         0  shell.o(.rti_fn.6)
    .rti_fn.6.end                            0x08003f98   Section        4  components.o(.rti_fn.6.end)
    __tagsym$$used                           0x08003f98   Number         0  components.o(.rti_fn.6.end)
    FSymTab                                  0x08003f9c   Section      112  cmd.o(FSymTab)
    __tagsym$$used                           0x08003f9c   Number         0  cmd.o(FSymTab)
    __tagsym$$used                           0x08003fa4   Number         0  cmd.o(FSymTab)
    __tagsym$$used                           0x08003fac   Number         0  cmd.o(FSymTab)
    __tagsym$$used                           0x08003fb4   Number         0  cmd.o(FSymTab)
    __tagsym$$used                           0x08003fbc   Number         0  cmd.o(FSymTab)
    __tagsym$$used                           0x08003fc4   Number         0  cmd.o(FSymTab)
    __tagsym$$used                           0x08003fcc   Number         0  cmd.o(FSymTab)
    __tagsym$$used                           0x08003fd4   Number         0  cmd.o(FSymTab)
    __tagsym$$used                           0x08003fdc   Number         0  cmd.o(FSymTab)
    __tagsym$$used                           0x08003fe4   Number         0  cmd.o(FSymTab)
    __tagsym$$used                           0x08003fec   Number         0  cmd.o(FSymTab)
    __tagsym$$used                           0x08003ff4   Number         0  cmd.o(FSymTab)
    __tagsym$$used                           0x08003ffc   Number         0  cmd.o(FSymTab)
    __tagsym$$used                           0x08004004   Number         0  cmd.o(FSymTab)
    FSymTab                                  0x0800400c   Section        8  msh.o(FSymTab)
    __tagsym$$used                           0x0800400c   Number         0  msh.o(FSymTab)
    FSymTab                                  0x08004014   Section       16  msh_cmd.o(FSymTab)
    __tagsym$$used                           0x08004014   Number         0  msh_cmd.o(FSymTab)
    __tagsym$$used                           0x0800401c   Number         0  msh_cmd.o(FSymTab)
    .data                                    0x20000000   Section        4  system_stm32l4xx.o(.data)
    .data                                    0x20000004   Section        4  stm32l4xx_hal.o(.data)
    .data                                    0x20000008   Section        4  cpuport.o(.data)
    rt_exception_hook                        0x20000008   Data           4  cpuport.o(.data)
    .data                                    0x2000000c   Section        4  cpuport.o(.data)
    .data                                    0x20000010   Section        4  cpuport.o(.data)
    .data                                    0x20000014   Section        4  cpuport.o(.data)
    .data                                    0x20000018   Section        4  clock.o(.data)
    rt_tick                                  0x20000018   Data           4  clock.o(.data)
    .data                                    0x2000001c   Section        1  irq.o(.data)
    .data                                    0x20000020   Section        8  kservice.o(.data)
    _console_device                          0x20000020   Data           4  kservice.o(.data)
    __rt_errno                               0x20000024   Data           4  kservice.o(.data)
    .data                                    0x20000028   Section       80  object.o(.data)
    rt_object_container                      0x20000028   Data          80  object.o(.data)
    .data                                    0x20000078   Section       20  scheduler.o(.data)
    rt_scheduler_lock_nest                   0x2000007a   Data           2  scheduler.o(.data)
    .data                                    0x2000008c   Section       12  timer.o(.data)
    random_nr                                0x2000008c   Data           4  timer.o(.data)
    rt_timer_list                            0x20000090   Data           8  timer.o(.data)
    .data                                    0x20000098   Section        4  shell.o(.data)
    .data                                    0x2000009c   Section        4  symbol.o(.data)
    .data                                    0x200000a0   Section        4  symbol.o(.data)
    .bss                                     0x200000a4   Section      120  main.o(.bss)
    .bss                                     0x20000120   Section      376  components.o(.bss)
    main_stack                               0x20000120   Data         256  components.o(.bss)
    .bss                                     0x20000298   Section      248  idle.o(.bss)
    idle                                     0x20000298   Data         120  idle.o(.bss)
    rt_thread_stack                          0x20000310   Data         128  idle.o(.bss)
    .bss                                     0x20000390   Section      128  kservice.o(.bss)
    rt_log_buf                               0x20000390   Data         128  kservice.o(.bss)
    .bss                                     0x20000410   Section       64  scheduler.o(.bss)
    .bss                                     0x20000450   Section      884  shell.o(.bss)
    finsh_prompt                             0x20000450   Data         129  shell.o(.bss)
    finsh_thread                             0x200004d4   Data         120  shell.o(.bss)
    finsh_thread_stack                       0x2000054c   Data         512  shell.o(.bss)
    STACK                                    0x200007c8   Section     1024  startup_stm32l452xx.o(STACK)

    Global Symbols

    Symbol Name                              Value     Ov Type        Size  Object(Section)

    BuildAttributes$$THM_ISAv4$E$P$D$K$B$S$7EM$VFPi3$EXTD16$VFPS$VFMA$PE$A:L22UL41UL21$X:L11$S22US41US21$IEEE1$IW$USESV6$~STKCKD$USESV7$~SHL$OSPACE$EBA8$MICROLIB$REQ8$PRES8$EABIv2 0x00000000   Number         0  anon$$obj.o ABSOLUTE
    __ARM_use_no_argv                        0x00000000   Number         0  main.o ABSOLUTE
    __cpp_initialize__aeabi_                  - Undefined Weak Reference
    __cxa_finalize                            - Undefined Weak Reference
    __decompress                              - Undefined Weak Reference
    _clock_init                               - Undefined Weak Reference
    _microlib_exit                            - Undefined Weak Reference
    __Vectors_Size                           0x00000194   Number         0  startup_stm32l452xx.o ABSOLUTE
    __Vectors                                0x08000000   Data           4  startup_stm32l452xx.o(RESET)
    __Vectors_End                            0x08000194   Data           0  startup_stm32l452xx.o(RESET)
    __main                                   0x08000195   Thumb Code     0  entry.o(.ARM.Collect$$$$00000000)
    _main_stk                                0x08000195   Thumb Code     0  entry2.o(.ARM.Collect$$$$00000001)
    _main_scatterload                        0x08000199   Thumb Code     0  entry5.o(.ARM.Collect$$$$00000004)
    __main_after_scatterload                 0x0800019d   Thumb Code     0  entry5.o(.ARM.Collect$$$$00000004)
    _main_clock                              0x0800019d   Thumb Code     0  entry7b.o(.ARM.Collect$$$$00000008)
    _main_cpp_init                           0x0800019d   Thumb Code     0  entry8b.o(.ARM.Collect$$$$0000000A)
    _main_init                               0x0800019d   Thumb Code     0  entry9a.o(.ARM.Collect$$$$0000000B)
    __rt_final_cpp                           0x080001a5   Thumb Code     0  entry10a.o(.ARM.Collect$$$$0000000D)
    __rt_final_exit                          0x080001a5   Thumb Code     0  entry11a.o(.ARM.Collect$$$$0000000F)
    Reset_Handler                            0x080001a9   Thumb Code     8  startup_stm32l452xx.o(.text)
    NMI_Handler                              0x080001b1   Thumb Code     2  startup_stm32l452xx.o(.text)
    MemManage_Handler                        0x080001b5   Thumb Code     2  startup_stm32l452xx.o(.text)
    BusFault_Handler                         0x080001b7   Thumb Code     2  startup_stm32l452xx.o(.text)
    UsageFault_Handler                       0x080001b9   Thumb Code     2  startup_stm32l452xx.o(.text)
    SVC_Handler                              0x080001bb   Thumb Code     2  startup_stm32l452xx.o(.text)
    DebugMon_Handler                         0x080001bd   Thumb Code     2  startup_stm32l452xx.o(.text)
    ADC1_IRQHandler                          0x080001c3   Thumb Code     0  startup_stm32l452xx.o(.text)
    CAN1_RX0_IRQHandler                      0x080001c3   Thumb Code     0  startup_stm32l452xx.o(.text)
    CAN1_RX1_IRQHandler                      0x080001c3   Thumb Code     0  startup_stm32l452xx.o(.text)
    CAN1_SCE_IRQHandler                      0x080001c3   Thumb Code     0  startup_stm32l452xx.o(.text)
    CAN1_TX_IRQHandler                       0x080001c3   Thumb Code     0  startup_stm32l452xx.o(.text)
    COMP_IRQHandler                          0x080001c3   Thumb Code     0  startup_stm32l452xx.o(.text)
    CRS_IRQHandler                           0x080001c3   Thumb Code     0  startup_stm32l452xx.o(.text)
    DFSDM1_FLT0_IRQHandler                   0x080001c3   Thumb Code     0  startup_stm32l452xx.o(.text)
    DFSDM1_FLT1_IRQHandler                   0x080001c3   Thumb Code     0  startup_stm32l452xx.o(.text)
    DMA1_Channel1_IRQHandler                 0x080001c3   Thumb Code     0  startup_stm32l452xx.o(.text)
    DMA1_Channel2_IRQHandler                 0x080001c3   Thumb Code     0  startup_stm32l452xx.o(.text)
    DMA1_Channel3_IRQHandler                 0x080001c3   Thumb Code     0  startup_stm32l452xx.o(.text)
    DMA1_Channel4_IRQHandler                 0x080001c3   Thumb Code     0  startup_stm32l452xx.o(.text)
    DMA1_Channel5_IRQHandler                 0x080001c3   Thumb Code     0  startup_stm32l452xx.o(.text)
    DMA1_Channel6_IRQHandler                 0x080001c3   Thumb Code     0  startup_stm32l452xx.o(.text)
    DMA1_Channel7_IRQHandler                 0x080001c3   Thumb Code     0  startup_stm32l452xx.o(.text)
    DMA2_Channel1_IRQHandler                 0x080001c3   Thumb Code     0  startup_stm32l452xx.o(.text)
    DMA2_Channel2_IRQHandler                 0x080001c3   Thumb Code     0  startup_stm32l452xx.o(.text)
    DMA2_Channel3_IRQHandler                 0x080001c3   Thumb Code     0  startup_stm32l452xx.o(.text)
    DMA2_Channel4_IRQHandler                 0x080001c3   Thumb Code     0  startup_stm32l452xx.o(.text)
    DMA2_Channel5_IRQHandler                 0x080001c3   Thumb Code     0  startup_stm32l452xx.o(.text)
    DMA2_Channel6_IRQHandler                 0x080001c3   Thumb Code     0  startup_stm32l452xx.o(.text)
    DMA2_Channel7_IRQHandler                 0x080001c3   Thumb Code     0  startup_stm32l452xx.o(.text)
    EXTI0_IRQHandler                         0x080001c3   Thumb Code     0  startup_stm32l452xx.o(.text)
    EXTI15_10_IRQHandler                     0x080001c3   Thumb Code     0  startup_stm32l452xx.o(.text)
    EXTI1_IRQHandler                         0x080001c3   Thumb Code     0  startup_stm32l452xx.o(.text)
    EXTI2_IRQHandler                         0x080001c3   Thumb Code     0  startup_stm32l452xx.o(.text)
    EXTI3_IRQHandler                         0x080001c3   Thumb Code     0  startup_stm32l452xx.o(.text)
    EXTI4_IRQHandler                         0x080001c3   Thumb Code     0  startup_stm32l452xx.o(.text)
    EXTI9_5_IRQHandler                       0x080001c3   Thumb Code     0  startup_stm32l452xx.o(.text)
    FLASH_IRQHandler                         0x080001c3   Thumb Code     0  startup_stm32l452xx.o(.text)
    FPU_IRQHandler                           0x080001c3   Thumb Code     0  startup_stm32l452xx.o(.text)
    I2C1_ER_IRQHandler                       0x080001c3   Thumb Code     0  startup_stm32l452xx.o(.text)
    I2C1_EV_IRQHandler                       0x080001c3   Thumb Code     0  startup_stm32l452xx.o(.text)
    I2C2_ER_IRQHandler                       0x080001c3   Thumb Code     0  startup_stm32l452xx.o(.text)
    I2C2_EV_IRQHandler                       0x080001c3   Thumb Code     0  startup_stm32l452xx.o(.text)
    I2C3_ER_IRQHandler                       0x080001c3   Thumb Code     0  startup_stm32l452xx.o(.text)
    I2C3_EV_IRQHandler                       0x080001c3   Thumb Code     0  startup_stm32l452xx.o(.text)
    I2C4_ER_IRQHandler                       0x080001c3   Thumb Code     0  startup_stm32l452xx.o(.text)
    I2C4_EV_IRQHandler                       0x080001c3   Thumb Code     0  startup_stm32l452xx.o(.text)
    LPTIM1_IRQHandler                        0x080001c3   Thumb Code     0  startup_stm32l452xx.o(.text)
    LPTIM2_IRQHandler                        0x080001c3   Thumb Code     0  startup_stm32l452xx.o(.text)
    LPUART1_IRQHandler                       0x080001c3   Thumb Code     0  startup_stm32l452xx.o(.text)
    PVD_PVM_IRQHandler                       0x080001c3   Thumb Code     0  startup_stm32l452xx.o(.text)
    QUADSPI_IRQHandler                       0x080001c3   Thumb Code     0  startup_stm32l452xx.o(.text)
    RCC_IRQHandler                           0x080001c3   Thumb Code     0  startup_stm32l452xx.o(.text)
    RNG_IRQHandler                           0x080001c3   Thumb Code     0  startup_stm32l452xx.o(.text)
    RTC_Alarm_IRQHandler                     0x080001c3   Thumb Code     0  startup_stm32l452xx.o(.text)
    RTC_WKUP_IRQHandler                      0x080001c3   Thumb Code     0  startup_stm32l452xx.o(.text)
    SAI1_IRQHandler                          0x080001c3   Thumb Code     0  startup_stm32l452xx.o(.text)
    SDMMC1_IRQHandler                        0x080001c3   Thumb Code     0  startup_stm32l452xx.o(.text)
    SPI1_IRQHandler                          0x080001c3   Thumb Code     0  startup_stm32l452xx.o(.text)
    SPI2_IRQHandler                          0x080001c3   Thumb Code     0  startup_stm32l452xx.o(.text)
    SPI3_IRQHandler                          0x080001c3   Thumb Code     0  startup_stm32l452xx.o(.text)
    TAMP_STAMP_IRQHandler                    0x080001c3   Thumb Code     0  startup_stm32l452xx.o(.text)
    TIM1_BRK_TIM15_IRQHandler                0x080001c3   Thumb Code     0  startup_stm32l452xx.o(.text)
    TIM1_CC_IRQHandler                       0x080001c3   Thumb Code     0  startup_stm32l452xx.o(.text)
    TIM1_TRG_COM_IRQHandler                  0x080001c3   Thumb Code     0  startup_stm32l452xx.o(.text)
    TIM1_UP_TIM16_IRQHandler                 0x080001c3   Thumb Code     0  startup_stm32l452xx.o(.text)
    TIM2_IRQHandler                          0x080001c3   Thumb Code     0  startup_stm32l452xx.o(.text)
    TIM3_IRQHandler                          0x080001c3   Thumb Code     0  startup_stm32l452xx.o(.text)
    TIM6_DAC_IRQHandler                      0x080001c3   Thumb Code     0  startup_stm32l452xx.o(.text)
    TSC_IRQHandler                           0x080001c3   Thumb Code     0  startup_stm32l452xx.o(.text)
    UART4_IRQHandler                         0x080001c3   Thumb Code     0  startup_stm32l452xx.o(.text)
    USART1_IRQHandler                        0x080001c3   Thumb Code     0  startup_stm32l452xx.o(.text)
    USART2_IRQHandler                        0x080001c3   Thumb Code     0  startup_stm32l452xx.o(.text)
    USART3_IRQHandler                        0x080001c3   Thumb Code     0  startup_stm32l452xx.o(.text)
    USB_IRQHandler                           0x080001c3   Thumb Code     0  startup_stm32l452xx.o(.text)
    WWDG_IRQHandler                          0x080001c3   Thumb Code     0  startup_stm32l452xx.o(.text)
    rt_hw_interrupt_disable                  0x080001cd   Thumb Code     8  context_rvds.o(.text)
    rt_hw_interrupt_enable                   0x080001d5   Thumb Code     6  context_rvds.o(.text)
    rt_hw_context_switch                     0x080001db   Thumb Code    32  context_rvds.o(.text)
    rt_hw_context_switch_interrupt           0x080001db   Thumb Code     0  context_rvds.o(.text)
    PendSV_Handler                           0x080001fb   Thumb Code   108  context_rvds.o(.text)
    rt_hw_context_switch_to                  0x08000267   Thumb Code    70  context_rvds.o(.text)
    rt_hw_interrupt_thread_switch            0x080002ad   Thumb Code     2  context_rvds.o(.text)
    HardFault_Handler                        0x080002af   Thumb Code    20  context_rvds.o(.text)
    __aeabi_uldivmod                         0x080002e9   Thumb Code    98  uldiv.o(.text)
    __aeabi_memcpy                           0x08000351   Thumb Code    36  memcpya.o(.text)
    __aeabi_memcpy4                          0x08000351   Thumb Code     0  memcpya.o(.text)
    __aeabi_memcpy8                          0x08000351   Thumb Code     0  memcpya.o(.text)
    __aeabi_memset                           0x08000375   Thumb Code    14  memseta.o(.text)
    __aeabi_memset4                          0x08000375   Thumb Code     0  memseta.o(.text)
    __aeabi_memset8                          0x08000375   Thumb Code     0  memseta.o(.text)
    __aeabi_memclr                           0x08000383   Thumb Code     4  memseta.o(.text)
    __aeabi_memclr4                          0x08000383   Thumb Code     0  memseta.o(.text)
    __aeabi_memclr8                          0x08000383   Thumb Code     0  memseta.o(.text)
    _memset$wrapper                          0x08000387   Thumb Code    18  memseta.o(.text)
    strcat                                   0x08000399   Thumb Code    24  strcat.o(.text)
    strlen                                   0x080003b1   Thumb Code    14  strlen.o(.text)
    strcpy                                   0x080003bf   Thumb Code    18  strcpy.o(.text)
    strncmp                                  0x080003d1   Thumb Code    30  strncmp.o(.text)
    __aeabi_llsl                             0x080003ef   Thumb Code    30  llshl.o(.text)
    _ll_shift_l                              0x080003ef   Thumb Code     0  llshl.o(.text)
    __aeabi_llsr                             0x0800040d   Thumb Code    32  llushr.o(.text)
    _ll_ushift_r                             0x0800040d   Thumb Code     0  llushr.o(.text)
    __scatterload                            0x0800042d   Thumb Code    28  init.o(.text)
    __scatterload_rt2                        0x0800042d   Thumb Code     0  init.o(.text)
    main                                     0x08000451   Thumb Code    14  components.o(i.$Sub$$main)
    HAL_GPIO_Init                            0x08000461   Thumb Code   364  stm32l4xx_hal_gpio.o(i.HAL_GPIO_Init)
    HAL_GPIO_WritePin                        0x080005ef   Thumb Code    10  stm32l4xx_hal_gpio.o(i.HAL_GPIO_WritePin)
    HAL_GetTick                              0x080005f9   Thumb Code     6  stm32l4xx_hal.o(i.HAL_GetTick)
    HAL_InitTick                             0x08000605   Thumb Code    34  stm32l4xx_hal.o(i.HAL_InitTick)
    HAL_NVIC_SetPriority                     0x0800062d   Thumb Code    60  stm32l4xx_hal_cortex.o(i.HAL_NVIC_SetPriority)
    HAL_PWREx_ControlVoltageScaling          0x0800066d   Thumb Code    86  stm32l4xx_hal_pwr_ex.o(i.HAL_PWREx_ControlVoltageScaling)
    HAL_PWREx_GetVoltageRange                0x080006d1   Thumb Code    10  stm32l4xx_hal_pwr_ex.o(i.HAL_PWREx_GetVoltageRange)
    HAL_RCCEx_PeriphCLKConfig                0x080006e1   Thumb Code   780  stm32l4xx_hal_rcc_ex.o(i.HAL_RCCEx_PeriphCLKConfig)
    HAL_RCC_ClockConfig                      0x080009fd   Thumb Code   358  stm32l4xx_hal_rcc.o(i.HAL_RCC_ClockConfig)
    HAL_RCC_GetHCLKFreq                      0x08000b75   Thumb Code     6  stm32l4xx_hal_rcc.o(i.HAL_RCC_GetHCLKFreq)
    HAL_RCC_GetPCLK1Freq                     0x08000b81   Thumb Code    20  stm32l4xx_hal_rcc.o(i.HAL_RCC_GetPCLK1Freq)
    HAL_RCC_GetPCLK2Freq                     0x08000ba1   Thumb Code    20  stm32l4xx_hal_rcc.o(i.HAL_RCC_GetPCLK2Freq)
    HAL_RCC_GetSysClockFreq                  0x08000bc1   Thumb Code   182  stm32l4xx_hal_rcc.o(i.HAL_RCC_GetSysClockFreq)
    HAL_RCC_OscConfig                        0x08000c85   Thumb Code  1194  stm32l4xx_hal_rcc.o(i.HAL_RCC_OscConfig)
    HAL_SYSTICK_CLKSourceConfig              0x08001135   Thumb Code    24  stm32l4xx_hal_cortex.o(i.HAL_SYSTICK_CLKSourceConfig)
    HAL_SYSTICK_Config                       0x0800114d   Thumb Code    40  stm32l4xx_hal_cortex.o(i.HAL_SYSTICK_Config)
    HAL_UART_Init                            0x08001175   Thumb Code   106  stm32l4xx_hal_uart.o(i.HAL_UART_Init)
    HAL_UART_MspInit                         0x080011e1   Thumb Code    64  stm32l4xx_hal_msp.o(i.HAL_UART_MspInit)
    MX_GPIO_Init                             0x08001229   Thumb Code   132  main.o(i.MX_GPIO_Init)
    MX_USART2_UART_Init                      0x080012b9   Thumb Code    48  main.o(i.MX_USART2_UART_Init)
    SysTick_Handler                          0x080014b9   Thumb Code    18  board.o(i.SysTick_Handler)
    SystemClock_Config                       0x080014cb   Thumb Code   134  main.o(i.SystemClock_Config)
    SystemCoreClockUpdate                    0x08001551   Thumb Code   152  system_stm32l4xx.o(i.SystemCoreClockUpdate)
    SystemInit                               0x080015f9   Thumb Code    56  system_stm32l4xx.o(i.SystemInit)
    UART_AdvFeatureConfig                    0x0800163d   Thumb Code   200  stm32l4xx_hal_uart.o(i.UART_AdvFeatureConfig)
    UART_CheckIdleState                      0x08001705   Thumb Code    92  stm32l4xx_hal_uart.o(i.UART_CheckIdleState)
    UART_SetConfig                           0x08001761   Thumb Code   586  stm32l4xx_hal_uart.o(i.UART_SetConfig)
    UART_WaitOnFlagUntilTimeout              0x080019d9   Thumb Code   100  stm32l4xx_hal_uart.o(i.UART_WaitOnFlagUntilTimeout)
    __rt_ffs                                 0x08001a3d   Thumb Code    64  kservice.o(i.__rt_ffs)
    __scatterload_copy                       0x08001a81   Thumb Code    14  handlers.o(i.__scatterload_copy)
    __scatterload_null                       0x08001a8f   Thumb Code     2  handlers.o(i.__scatterload_null)
    __scatterload_zeroinit                   0x08001a91   Thumb Code    14  handlers.o(i.__scatterload_zeroinit)
    cmd_ps                                   0x08002133   Thumb Code    10  msh_cmd.o(i.cmd_ps)
    cmd_time                                 0x0800213d   Thumb Code     4  msh_cmd.o(i.cmd_time)
    finsh_get_prompt                         0x08002141   Thumb Code    32  shell.o(i.finsh_get_prompt)
    finsh_set_device                         0x0800218d   Thumb Code   106  shell.o(i.finsh_set_device)
    finsh_system_function_init               0x08002221   Thumb Code    10  shell.o(i.finsh_system_function_init)
    finsh_system_init                        0x08002235   Thumb Code    80  shell.o(i.finsh_system_init)
    finsh_thread_entry                       0x080022a9   Thumb Code   704  shell.o(i.finsh_thread_entry)
    hello                                    0x08002591   Thumb Code    12  cmd.o(i.hello)
    list                                     0x080025b1   Thumb Code    48  cmd.o(i.list)
    list_device                              0x08002605   Thumb Code    18  cmd.o(i.list_device)
    list_mailbox                             0x08002617   Thumb Code    18  cmd.o(i.list_mailbox)
    list_sem                                 0x08002629   Thumb Code    18  cmd.o(i.list_sem)
    list_thread                              0x0800263b   Thumb Code    18  cmd.o(i.list_thread)
    list_timer                               0x0800264d   Thumb Code    18  cmd.o(i.list_timer)
    $Super$$main                             0x0800265f   Thumb Code    48  main.o(i.main)
    main_thread_entry                        0x0800268f   Thumb Code    14  components.o(i.main_thread_entry)
    msh_auto_complete                        0x0800269d   Thumb Code   150  msh.o(i.msh_auto_complete)
    msh_exec                                 0x08002749   Thumb Code    74  msh.o(i.msh_exec)
    msh_help                                 0x080027ad   Thumb Code    56  msh.o(i.msh_help)
    msh_is_used                              0x08002819   Thumb Code     4  msh.o(i.msh_is_used)
    rt_application_init                      0x08002a6d   Thumb Code    42  components.o(i.rt_application_init)
    rt_components_board_init                 0x08002aa9   Thumb Code    20  components.o(i.rt_components_board_init)
    rt_components_init                       0x08002ac5   Thumb Code    20  components.o(i.rt_components_init)
    rt_console_get_device                    0x08002ae1   Thumb Code     6  kservice.o(i.rt_console_get_device)
    rt_console_set_device                    0x08002aed   Thumb Code    36  kservice.o(i.rt_console_set_device)
    rt_device_close                          0x08002b15   Thumb Code    48  device.o(i.rt_device_close)
    rt_device_find                           0x08002b45   Thumb Code    84  device.o(i.rt_device_find)
    rt_device_open                           0x08002b99   Thumb Code   110  device.o(i.rt_device_open)
    rt_device_read                           0x08002c41   Thumb Code    36  device.o(i.rt_device_read)
    rt_device_set_rx_indicate                0x08002c65   Thumb Code     6  device.o(i.rt_device_set_rx_indicate)
    rt_device_write                          0x08002c6b   Thumb Code    36  device.o(i.rt_device_write)
    rt_enter_critical                        0x08002c91   Thumb Code    22  scheduler.o(i.rt_enter_critical)
    rt_exit_critical                         0x08002cad   Thumb Code    44  scheduler.o(i.rt_exit_critical)
    rt_hw_board_init                         0x08002cdd   Thumb Code    62  board.o(i.rt_hw_board_init)
    rt_hw_console_output                     0x08002d2d   Thumb Code     2  kservice.o(i.rt_hw_console_output)
    rt_hw_hard_fault_exception               0x08002d31   Thumb Code   102  cpuport.o(i.rt_hw_hard_fault_exception)
    rt_hw_stack_init                         0x08002e39   Thumb Code    54  cpuport.o(i.rt_hw_stack_init)
    rt_interrupt_enter                       0x08002e75   Thumb Code    22  irq.o(i.rt_interrupt_enter)
    rt_interrupt_get_nest                    0x08002e91   Thumb Code     6  irq.o(i.rt_interrupt_get_nest)
    rt_interrupt_leave                       0x08002e9d   Thumb Code    22  irq.o(i.rt_interrupt_leave)
    rt_kprintf                               0x08002f0d   Thumb Code    64  kservice.o(i.rt_kprintf)
    rt_memmove                               0x08002fa5   Thumb Code    50  kservice.o(i.rt_memmove)
    rt_memset                                0x08002fd9   Thumb Code    70  kservice.o(i.rt_memset)
    rt_object_detach                         0x0800301f   Thumb Code    32  object.o(i.rt_object_detach)
    rt_object_get_information                0x08003041   Thumb Code    30  object.o(i.rt_object_get_information)
    rt_object_init                           0x08003065   Thumb Code    62  object.o(i.rt_object_init)
    rt_object_is_systemobject                0x080030a3   Thumb Code    14  object.o(i.rt_object_is_systemobject)
    rt_schedule                              0x080030b1   Thumb Code    76  scheduler.o(i.rt_schedule)
    rt_schedule_insert_thread                0x08003109   Thumb Code    62  scheduler.o(i.rt_schedule_insert_thread)
    rt_schedule_remove_thread                0x08003151   Thumb Code    64  scheduler.o(i.rt_schedule_remove_thread)
    rt_sem_init                              0x08003199   Thumb Code    36  ipc.o(i.rt_sem_init)
    rt_sem_release                           0x080031bd   Thumb Code    54  ipc.o(i.rt_sem_release)
    rt_sem_take                              0x080031f3   Thumb Code   110  ipc.o(i.rt_sem_take)
    rt_set_errno                             0x08003261   Thumb Code    26  kservice.o(i.rt_set_errno)
    rt_show_version                          0x08003281   Thumb Code    40  kservice.o(i.rt_show_version)
    rt_strlen                                0x08003331   Thumb Code    16  kservice.o(i.rt_strlen)
    rt_strncmp                               0x08003341   Thumb Code    32  kservice.o(i.rt_strncmp)
    rt_strncpy                               0x08003361   Thumb Code    38  kservice.o(i.rt_strncpy)
    rt_system_scheduler_init                 0x08003389   Thumb Code    44  scheduler.o(i.rt_system_scheduler_init)
    rt_system_scheduler_start                0x080033bd   Thumb Code    32  scheduler.o(i.rt_system_scheduler_start)
    rt_system_timer_init                     0x080033e5   Thumb Code     8  timer.o(i.rt_system_timer_init)
    rt_system_timer_thread_init              0x080033f1   Thumb Code     2  timer.o(i.rt_system_timer_thread_init)
    rt_thread_delay                          0x080033f3   Thumb Code     4  thread.o(i.rt_thread_delay)
    rt_thread_exit                           0x080033f9   Thumb Code    78  thread.o(i.rt_thread_exit)
    rt_thread_idle_excute                    0x08003459   Thumb Code    96  idle.o(i.rt_thread_idle_excute)
    rt_thread_idle_init                      0x080034bd   Thumb Code    40  idle.o(i.rt_thread_idle_init)
    rt_thread_init                           0x080034f5   Thumb Code    48  thread.o(i.rt_thread_init)
    rt_thread_resume                         0x0800352b   Thumb Code    60  thread.o(i.rt_thread_resume)
    rt_thread_self                           0x08003569   Thumb Code     6  thread.o(i.rt_thread_self)
    rt_thread_sleep                          0x08003575   Thumb Code    60  thread.o(i.rt_thread_sleep)
    rt_thread_startup                        0x080035b5   Thumb Code    40  thread.o(i.rt_thread_startup)
    rt_thread_suspend                        0x080035e1   Thumb Code    58  thread.o(i.rt_thread_suspend)
    rt_thread_timeout                        0x0800361b   Thumb Code    32  thread.o(i.rt_thread_timeout)
    rt_thread_yield                          0x0800363d   Thumb Code    86  thread.o(i.rt_thread_yield)
    rt_tick_get                              0x0800369d   Thumb Code     6  clock.o(i.rt_tick_get)
    rt_tick_increase                         0x080036a9   Thumb Code    38  clock.o(i.rt_tick_increase)
    rt_timer_check                           0x080036d5   Thumb Code    98  timer.o(i.rt_timer_check)
    rt_timer_control                         0x0800373d   Thumb Code    48  timer.o(i.rt_timer_control)
    rt_timer_detach                          0x0800376d   Thumb Code    32  timer.o(i.rt_timer_detach)
    rt_timer_init                            0x0800378d   Thumb Code    48  timer.o(i.rt_timer_init)
    rt_timer_start                           0x080037bd   Thumb Code   136  timer.o(i.rt_timer_start)
    rt_timer_stop                            0x08003849   Thumb Code    46  timer.o(i.rt_timer_stop)
    rt_vsnprintf                             0x08003879   Thumb Code   618  kservice.o(i.rt_vsnprintf)
    rtthread_startup                         0x08003b03   Thumb Code    42  components.o(i.rtthread_startup)
    version                                  0x08003b85   Thumb Code    10  cmd.o(i.version)
    AHBPrescTable                            0x08003b90   Data          16  system_stm32l4xx.o(.constdata)
    MSIRangeTable                            0x08003ba0   Data          48  system_stm32l4xx.o(.constdata)
    APBPrescTable                            0x08003bd0   Data           8  system_stm32l4xx.o(.constdata)
    __lowest_bit_bitmap                      0x08003bd8   Data         256  kservice.o(.constdata)
    __fsym_hello_name                        0x08003cfc   Data           6  cmd.o(.constdata)
    __fsym_version_name                      0x08003d02   Data           8  cmd.o(.constdata)
    __fsym___cmd_version_name                0x08003d0a   Data          14  cmd.o(.constdata)
    __fsym_list_thread_name                  0x08003d18   Data          12  cmd.o(.constdata)
    __fsym___cmd_list_thread_name            0x08003d24   Data          18  cmd.o(.constdata)
    __fsym_list_sem_name                     0x08003d36   Data           9  cmd.o(.constdata)
    __fsym___cmd_list_sem_name               0x08003d3f   Data          15  cmd.o(.constdata)
    __fsym_list_mailbox_name                 0x08003d4e   Data          13  cmd.o(.constdata)
    __fsym___cmd_list_mailbox_name           0x08003d5b   Data          19  cmd.o(.constdata)
    __fsym_list_timer_name                   0x08003d6e   Data          11  cmd.o(.constdata)
    __fsym___cmd_list_timer_name             0x08003d79   Data          17  cmd.o(.constdata)
    __fsym_list_device_name                  0x08003d8a   Data          12  cmd.o(.constdata)
    __fsym___cmd_list_device_name            0x08003d96   Data          18  cmd.o(.constdata)
    __fsym_list_name                         0x08003da8   Data           5  cmd.o(.constdata)
    __fsym___cmd_help_name                   0x08003e00   Data          11  msh.o(.constdata)
    __fsym___cmd_ps_name                     0x08003e0b   Data           9  msh_cmd.o(.constdata)
    __fsym___cmd_time_name                   0x08003e14   Data          11  msh_cmd.o(.constdata)
    __rt_init_rti_start                      0x08003f80   Data           4  components.o(.rti_fn.0)
    __rt_init_rti_board_start                0x08003f84   Data           4  components.o(.rti_fn.0.end)
    __rt_init_MX_USART2_UART_Init            0x08003f88   Data           4  main.o(.rti_fn.1)
    __rt_init_MX_GPIO_Init                   0x08003f8c   Data           4  main.o(.rti_fn.1)
    __rt_init_rti_board_end                  0x08003f90   Data           4  components.o(.rti_fn.1.end)
    __rt_init_finsh_system_init              0x08003f94   Data           4  shell.o(.rti_fn.6)
    __rt_init_rti_end                        0x08003f98   Data           4  components.o(.rti_fn.6.end)
    FSymTab$$Base                            0x08003f9c   Number         0  cmd.o(FSymTab)
    __fsym_hello                             0x08003f9c   Data           8  cmd.o(FSymTab)
    __fsym_version                           0x08003fa4   Data           8  cmd.o(FSymTab)
    __fsym___cmd_version                     0x08003fac   Data           8  cmd.o(FSymTab)
    __fsym_list_thread                       0x08003fb4   Data           8  cmd.o(FSymTab)
    __fsym___cmd_list_thread                 0x08003fbc   Data           8  cmd.o(FSymTab)
    __fsym_list_sem                          0x08003fc4   Data           8  cmd.o(FSymTab)
    __fsym___cmd_list_sem                    0x08003fcc   Data           8  cmd.o(FSymTab)
    __fsym_list_mailbox                      0x08003fd4   Data           8  cmd.o(FSymTab)
    __fsym___cmd_list_mailbox                0x08003fdc   Data           8  cmd.o(FSymTab)
    __fsym_list_timer                        0x08003fe4   Data           8  cmd.o(FSymTab)
    __fsym___cmd_list_timer                  0x08003fec   Data           8  cmd.o(FSymTab)
    __fsym_list_device                       0x08003ff4   Data           8  cmd.o(FSymTab)
    __fsym___cmd_list_device                 0x08003ffc   Data           8  cmd.o(FSymTab)
    __fsym_list                              0x08004004   Data           8  cmd.o(FSymTab)
    __fsym___cmd_help                        0x0800400c   Data           8  msh.o(FSymTab)
    __fsym___cmd_ps                          0x08004014   Data           8  msh_cmd.o(FSymTab)
    __fsym___cmd_time                        0x0800401c   Data           8  msh_cmd.o(FSymTab)
    FSymTab$$Limit                           0x08004024   Number         0  msh_cmd.o(FSymTab)
    Region$$Table$$Base                      0x08004024   Number         0  anon$$obj.o(Region$$Table)
    Region$$Table$$Limit                     0x08004044   Number         0  anon$$obj.o(Region$$Table)
    SystemCoreClock                          0x20000000   Data           4  system_stm32l4xx.o(.data)
    uwTick                                   0x20000004   Data           4  stm32l4xx_hal.o(.data)
    rt_interrupt_from_thread                 0x2000000c   Data           4  cpuport.o(.data)
    rt_interrupt_to_thread                   0x20000010   Data           4  cpuport.o(.data)
    rt_thread_switch_interrupt_flag          0x20000014   Data           4  cpuport.o(.data)
    rt_interrupt_nest                        0x2000001c   Data           1  irq.o(.data)
    rt_current_priority                      0x20000078   Data           1  scheduler.o(.data)
    rt_current_thread                        0x2000007c   Data           4  scheduler.o(.data)
    rt_thread_ready_priority_group           0x20000080   Data           4  scheduler.o(.data)
    rt_thread_defunct                        0x20000084   Data           8  scheduler.o(.data)
    shell                                    0x20000098   Data           4  shell.o(.data)
    _syscall_table_begin                     0x2000009c   Data           4  symbol.o(.data)
    _syscall_table_end                       0x200000a0   Data           4  symbol.o(.data)
    huart2                                   0x200000a4   Data         120  main.o(.bss)
    main_thread                              0x20000220   Data         120  components.o(.bss)
    rt_thread_priority_table                 0x20000410   Data          64  scheduler.o(.bss)
    _shell                                   0x2000074c   Data         120  shell.o(.bss)
    __initial_sp                             0x20000bc8   Data           0  startup_stm32l452xx.o(STACK)



==============================================================================

Memory Map of the image

  Image Entry point : 0x08000195

  Load Region LR_IROM1 (Base: 0x08000000, Size: 0x000040e8, Max: 0x00080000, ABSOLUTE)

    Execution Region ER_IROM1 (Exec base: 0x08000000, Load base: 0x08000000, Size: 0x00004044, Max: 0x00080000, ABSOLUTE)

    Exec Addr    Load Addr    Size         Type   Attr      Idx    E Section Name        Object

    0x08000000   0x08000000   0x00000194   Data   RO            3    RESET               startup_stm32l452xx.o
    0x08000194   0x08000194   0x00000000   Code   RO         3719  * .ARM.Collect$$$$00000000  mc_w.l(entry.o)
    0x08000194   0x08000194   0x00000004   Code   RO         3738    .ARM.Collect$$$$00000001  mc_w.l(entry2.o)
    0x08000198   0x08000198   0x00000004   Code   RO         3741    .ARM.Collect$$$$00000004  mc_w.l(entry5.o)
    0x0800019c   0x0800019c   0x00000000   Code   RO         3743    .ARM.Collect$$$$00000008  mc_w.l(entry7b.o)
    0x0800019c   0x0800019c   0x00000000   Code   RO         3745    .ARM.Collect$$$$0000000A  mc_w.l(entry8b.o)
    0x0800019c   0x0800019c   0x00000008   Code   RO         3746    .ARM.Collect$$$$0000000B  mc_w.l(entry9a.o)
    0x080001a4   0x080001a4   0x00000000   Code   RO         3748    .ARM.Collect$$$$0000000D  mc_w.l(entry10a.o)
    0x080001a4   0x080001a4   0x00000000   Code   RO         3750    .ARM.Collect$$$$0000000F  mc_w.l(entry11a.o)
    0x080001a4   0x080001a4   0x00000004   Code   RO         3739    .ARM.Collect$$$$00002712  mc_w.l(entry2.o)
    0x080001a8   0x080001a8   0x00000024   Code   RO            4    .text               startup_stm32l452xx.o
    0x080001cc   0x080001cc   0x0000011c   Code   RO         2567    .text               context_rvds.o
    0x080002e8   0x080002e8   0x00000068   Code   RO         3722    .text               mc_w.l(uldiv.o)
    0x08000350   0x08000350   0x00000024   Code   RO         3724    .text               mc_w.l(memcpya.o)
    0x08000374   0x08000374   0x00000024   Code   RO         3726    .text               mc_w.l(memseta.o)
    0x08000398   0x08000398   0x00000018   Code   RO         3728    .text               mc_w.l(strcat.o)
    0x080003b0   0x080003b0   0x0000000e   Code   RO         3730    .text               mc_w.l(strlen.o)
    0x080003be   0x080003be   0x00000012   Code   RO         3732    .text               mc_w.l(strcpy.o)
    0x080003d0   0x080003d0   0x0000001e   Code   RO         3734    .text               mc_w.l(strncmp.o)
    0x080003ee   0x080003ee   0x0000001e   Code   RO         3752    .text               mc_w.l(llshl.o)
    0x0800040c   0x0800040c   0x00000020   Code   RO         3754    .text               mc_w.l(llushr.o)
    0x0800042c   0x0800042c   0x00000024   Code   RO         3756    .text               mc_w.l(init.o)
    0x08000450   0x08000450   0x0000000e   Code   RO         2645    i.$Sub$$main        components.o
    0x0800045e   0x0800045e   0x00000002   PAD
    0x08000460   0x08000460   0x0000018e   Code   RO          788    i.HAL_GPIO_Init     stm32l4xx_hal_gpio.o
    0x080005ee   0x080005ee   0x0000000a   Code   RO          792    i.HAL_GPIO_WritePin  stm32l4xx_hal_gpio.o
    0x080005f8   0x080005f8   0x0000000c   Code   RO         1767    i.HAL_GetTick       stm32l4xx_hal.o
    0x08000604   0x08000604   0x00000028   Code   RO         1773    i.HAL_InitTick      stm32l4xx_hal.o
    0x0800062c   0x0800062c   0x00000040   Code   RO         1028    i.HAL_NVIC_SetPriority  stm32l4xx_hal_cortex.o
    0x0800066c   0x0800066c   0x00000064   Code   RO          570    i.HAL_PWREx_ControlVoltageScaling  stm32l4xx_hal_pwr_ex.o
    0x080006d0   0x080006d0   0x00000010   Code   RO          597    i.HAL_PWREx_GetVoltageRange  stm32l4xx_hal_pwr_ex.o
    0x080006e0   0x080006e0   0x0000031a   Code   RO         2419    i.HAL_RCCEx_PeriphCLKConfig  stm32l4xx_hal_rcc_ex.o
    0x080009fa   0x080009fa   0x00000002   PAD
    0x080009fc   0x080009fc   0x00000178   Code   RO         1625    i.HAL_RCC_ClockConfig  stm32l4xx_hal_rcc.o
    0x08000b74   0x08000b74   0x0000000c   Code   RO         1629    i.HAL_RCC_GetHCLKFreq  stm32l4xx_hal_rcc.o
    0x08000b80   0x08000b80   0x00000020   Code   RO         1631    i.HAL_RCC_GetPCLK1Freq  stm32l4xx_hal_rcc.o
    0x08000ba0   0x08000ba0   0x00000020   Code   RO         1632    i.HAL_RCC_GetPCLK2Freq  stm32l4xx_hal_rcc.o
    0x08000bc0   0x08000bc0   0x000000c4   Code   RO         1633    i.HAL_RCC_GetSysClockFreq  stm32l4xx_hal_rcc.o
    0x08000c84   0x08000c84   0x000004b0   Code   RO         1636    i.HAL_RCC_OscConfig  stm32l4xx_hal_rcc.o
    0x08001134   0x08001134   0x00000018   Code   RO         1031    i.HAL_SYSTICK_CLKSourceConfig  stm32l4xx_hal_cortex.o
    0x0800114c   0x0800114c   0x00000028   Code   RO         1033    i.HAL_SYSTICK_Config  stm32l4xx_hal_cortex.o
    0x08001174   0x08001174   0x0000006a   Code   RO         1186    i.HAL_UART_Init     stm32l4xx_hal_uart.o
    0x080011de   0x080011de   0x00000002   PAD
    0x080011e0   0x080011e0   0x00000048   Code   RO          280    i.HAL_UART_MspInit  stm32l4xx_hal_msp.o
    0x08001228   0x08001228   0x00000090   Code   RO          201    i.MX_GPIO_Init      main.o
    0x080012b8   0x080012b8   0x00000038   Code   RO          202    i.MX_USART2_UART_Init  main.o
    0x080012f0   0x080012f0   0x00000020   Code   RO         1035    i.NVIC_SetPriority  stm32l4xx_hal_cortex.o
    0x08001310   0x08001310   0x0000012c   Code   RO         2422    i.RCCEx_PLLSAI1_Config  stm32l4xx_hal_rcc_ex.o
    0x0800143c   0x0800143c   0x0000007c   Code   RO         1637    i.RCC_SetFlashLatencyFromMSIRange  stm32l4xx_hal_rcc.o
    0x080014b8   0x080014b8   0x00000012   Code   RO         3416    i.SysTick_Handler   board.o
    0x080014ca   0x080014ca   0x00000086   Code   RO          203    i.SystemClock_Config  main.o
    0x08001550   0x08001550   0x000000a8   Code   RO           13    i.SystemCoreClockUpdate  system_stm32l4xx.o
    0x080015f8   0x080015f8   0x00000044   Code   RO           14    i.SystemInit        system_stm32l4xx.o
    0x0800163c   0x0800163c   0x000000c8   Code   RO         1199    i.UART_AdvFeatureConfig  stm32l4xx_hal_uart.o
    0x08001704   0x08001704   0x0000005c   Code   RO         1200    i.UART_CheckIdleState  stm32l4xx_hal_uart.o
    0x08001760   0x08001760   0x00000278   Code   RO         1215    i.UART_SetConfig    stm32l4xx_hal_uart.o
    0x080019d8   0x080019d8   0x00000064   Code   RO         1218    i.UART_WaitOnFlagUntilTimeout  stm32l4xx_hal_uart.o
    0x08001a3c   0x08001a3c   0x00000044   Code   RO         2955    i.__rt_ffs          kservice.o
    0x08001a80   0x08001a80   0x0000000e   Code   RO         3760    i.__scatterload_copy  mc_w.l(handlers.o)
    0x08001a8e   0x08001a8e   0x00000002   Code   RO         3761    i.__scatterload_null  mc_w.l(handlers.o)
    0x08001a90   0x08001a90   0x0000000e   Code   RO         3762    i.__scatterload_zeroinit  mc_w.l(handlers.o)
    0x08001a9e   0x08001a9e   0x00000002   PAD
    0x08001aa0   0x08001aa0   0x00000014   Code   RO         2792    i._has_defunct_thread  idle.o
    0x08001ab4   0x08001ab4   0x000000e0   Code   RO         3435    i._list_device      cmd.o
    0x08001b94   0x08001b94   0x0000011e   Code   RO         3436    i._list_mailbox     cmd.o
    0x08001cb2   0x08001cb2   0x00000002   PAD
    0x08001cb4   0x08001cb4   0x000000e8   Code   RO         3437    i._list_sem         cmd.o
    0x08001d9c   0x08001d9c   0x00000158   Code   RO         3438    i._list_thread      cmd.o
    0x08001ef4   0x08001ef4   0x00000108   Code   RO         3439    i._list_timer       cmd.o
    0x08001ffc   0x08001ffc   0x000000a2   Code   RO         3555    i._msh_exec_cmd     msh.o
    0x0800209e   0x0800209e   0x00000002   PAD
    0x080020a0   0x080020a0   0x00000080   Code   RO         3239    i._rt_thread_init   thread.o
    0x08002120   0x08002120   0x00000012   Code   RO         3341    i._rt_timer_remove  timer.o
    0x08002132   0x08002132   0x0000000a   Code   RO         3605    i.cmd_ps            msh_cmd.o
    0x0800213c   0x0800213c   0x00000004   Code   RO         3606    i.cmd_time          msh_cmd.o
    0x08002140   0x08002140   0x00000038   Code   RO         3635    i.finsh_get_prompt  shell.o
    0x08002178   0x08002178   0x00000014   Code   RO         3636    i.finsh_rx_ind      shell.o
    0x0800218c   0x0800218c   0x00000094   Code   RO         3637    i.finsh_set_device  shell.o
    0x08002220   0x08002220   0x00000014   Code   RO         3639    i.finsh_system_function_init  shell.o
    0x08002234   0x08002234   0x00000074   Code   RO         3640    i.finsh_system_init  shell.o
    0x080022a8   0x080022a8   0x000002e8   Code   RO         3642    i.finsh_thread_entry  shell.o
    0x08002590   0x08002590   0x00000020   Code   RO         3440    i.hello             cmd.o
    0x080025b0   0x080025b0   0x00000054   Code   RO         3441    i.list              cmd.o
    0x08002604   0x08002604   0x00000012   Code   RO         3442    i.list_device       cmd.o
    0x08002616   0x08002616   0x00000012   Code   RO         3443    i.list_mailbox      cmd.o
    0x08002628   0x08002628   0x00000012   Code   RO         3444    i.list_sem          cmd.o
    0x0800263a   0x0800263a   0x00000012   Code   RO         3445    i.list_thread       cmd.o
    0x0800264c   0x0800264c   0x00000012   Code   RO         3446    i.list_timer        cmd.o
    0x0800265e   0x0800265e   0x00000030   Code   RO          205    i.main              main.o
    0x0800268e   0x0800268e   0x0000000e   Code   RO         2646    i.main_thread_entry  components.o
    0x0800269c   0x0800269c   0x000000ac   Code   RO         3556    i.msh_auto_complete  msh.o
    0x08002748   0x08002748   0x00000064   Code   RO         3557    i.msh_exec          msh.o
    0x080027ac   0x080027ac   0x0000006c   Code   RO         3558    i.msh_help          msh.o
    0x08002818   0x08002818   0x00000004   Code   RO         3559    i.msh_is_used       msh.o
    0x0800281c   0x0800281c   0x000000d0   Code   RO         3560    i.msh_split         msh.o
    0x080028ec   0x080028ec   0x00000034   Code   RO         3447    i.object_name_maxlen  cmd.o
    0x08002920   0x08002920   0x00000018   Code   RO         3448    i.object_split      cmd.o
    0x08002938   0x08002938   0x00000132   Code   RO         2957    i.print_number      kservice.o
    0x08002a6a   0x08002a6a   0x00000002   PAD
    0x08002a6c   0x08002a6c   0x0000003c   Code   RO         2647    i.rt_application_init  components.o
    0x08002aa8   0x08002aa8   0x0000001c   Code   RO         2648    i.rt_components_board_init  components.o
    0x08002ac4   0x08002ac4   0x0000001c   Code   RO         2649    i.rt_components_init  components.o
    0x08002ae0   0x08002ae0   0x0000000c   Code   RO         2958    i.rt_console_get_device  kservice.o
    0x08002aec   0x08002aec   0x00000028   Code   RO         2959    i.rt_console_set_device  kservice.o
    0x08002b14   0x08002b14   0x00000030   Code   RO         2714    i.rt_device_close   device.o
    0x08002b44   0x08002b44   0x00000054   Code   RO         2716    i.rt_device_find    device.o
    0x08002b98   0x08002b98   0x000000a8   Code   RO         2719    i.rt_device_open    device.o
    0x08002c40   0x08002c40   0x00000024   Code   RO         2720    i.rt_device_read    device.o
    0x08002c64   0x08002c64   0x00000006   Code   RO         2722    i.rt_device_set_rx_indicate  device.o
    0x08002c6a   0x08002c6a   0x00000024   Code   RO         2725    i.rt_device_write   device.o
    0x08002c8e   0x08002c8e   0x00000002   PAD
    0x08002c90   0x08002c90   0x0000001c   Code   RO         3178    i.rt_enter_critical  scheduler.o
    0x08002cac   0x08002cac   0x00000030   Code   RO         3179    i.rt_exit_critical  scheduler.o
    0x08002cdc   0x08002cdc   0x00000050   Code   RO         3417    i.rt_hw_board_init  board.o
    0x08002d2c   0x08002d2c   0x00000002   Code   RO         2961    i.rt_hw_console_output  kservice.o
    0x08002d2e   0x08002d2e   0x00000002   PAD
    0x08002d30   0x08002d30   0x00000108   Code   RO         2573    i.rt_hw_hard_fault_exception  cpuport.o
    0x08002e38   0x08002e38   0x0000003c   Code   RO         2574    i.rt_hw_stack_init  cpuport.o
    0x08002e74   0x08002e74   0x0000001c   Code   RO         2928    i.rt_interrupt_enter  irq.o
    0x08002e90   0x08002e90   0x0000000c   Code   RO         2929    i.rt_interrupt_get_nest  irq.o
    0x08002e9c   0x08002e9c   0x0000001c   Code   RO         2930    i.rt_interrupt_leave  irq.o
    0x08002eb8   0x08002eb8   0x00000052   Code   RO         2833    i.rt_ipc_list_suspend  ipc.o
    0x08002f0a   0x08002f0a   0x00000002   PAD
    0x08002f0c   0x08002f0c   0x00000048   Code   RO         2962    i.rt_kprintf        kservice.o
    0x08002f54   0x08002f54   0x0000000e   Code   RO         3240    i.rt_list_insert_after  thread.o
    0x08002f62   0x08002f62   0x0000000e   Code   RO         3342    i.rt_list_insert_after  timer.o
    0x08002f70   0x08002f70   0x0000000e   Code   RO         2834    i.rt_list_insert_before  ipc.o
    0x08002f7e   0x08002f7e   0x00000012   Code   RO         3449    i.rt_list_len       cmd.o
    0x08002f90   0x08002f90   0x00000012   Code   RO         3241    i.rt_list_remove    thread.o
    0x08002fa2   0x08002fa2   0x00000002   PAD
    0x08002fa4   0x08002fa4   0x00000032   Code   RO         2966    i.rt_memmove        kservice.o
    0x08002fd6   0x08002fd6   0x00000002   PAD
    0x08002fd8   0x08002fd8   0x00000046   Code   RO         2967    i.rt_memset         kservice.o
    0x0800301e   0x0800301e   0x00000020   Code   RO         3130    i.rt_object_detach  object.o
    0x0800303e   0x0800303e   0x00000002   PAD
    0x08003040   0x08003040   0x00000024   Code   RO         3132    i.rt_object_get_information  object.o
    0x08003064   0x08003064   0x0000003e   Code   RO         3133    i.rt_object_init    object.o
    0x080030a2   0x080030a2   0x0000000e   Code   RO         3134    i.rt_object_is_systemobject  object.o
    0x080030b0   0x080030b0   0x00000058   Code   RO         3180    i.rt_schedule       scheduler.o
    0x08003108   0x08003108   0x00000048   Code   RO         3181    i.rt_schedule_insert_thread  scheduler.o
    0x08003150   0x08003150   0x00000048   Code   RO         3182    i.rt_schedule_remove_thread  scheduler.o
    0x08003198   0x08003198   0x00000024   Code   RO         2843    i.rt_sem_init       ipc.o
    0x080031bc   0x080031bc   0x00000036   Code   RO         2844    i.rt_sem_release    ipc.o
    0x080031f2   0x080031f2   0x0000006e   Code   RO         2845    i.rt_sem_take       ipc.o
    0x08003260   0x08003260   0x00000020   Code   RO         2968    i.rt_set_errno      kservice.o
    0x08003280   0x08003280   0x000000b0   Code   RO         2969    i.rt_show_version   kservice.o
    0x08003330   0x08003330   0x00000010   Code   RO         2974    i.rt_strlen         kservice.o
    0x08003340   0x08003340   0x00000020   Code   RO         2975    i.rt_strncmp        kservice.o
    0x08003360   0x08003360   0x00000026   Code   RO         2976    i.rt_strncpy        kservice.o
    0x08003386   0x08003386   0x00000002   PAD
    0x08003388   0x08003388   0x00000034   Code   RO         3183    i.rt_system_scheduler_init  scheduler.o
    0x080033bc   0x080033bc   0x00000028   Code   RO         3184    i.rt_system_scheduler_start  scheduler.o
    0x080033e4   0x080033e4   0x0000000c   Code   RO         3343    i.rt_system_timer_init  timer.o
    0x080033f0   0x080033f0   0x00000002   Code   RO         3344    i.rt_system_timer_thread_init  timer.o
    0x080033f2   0x080033f2   0x00000004   Code   RO         3243    i.rt_thread_delay   thread.o
    0x080033f6   0x080033f6   0x00000002   PAD
    0x080033f8   0x080033f8   0x00000058   Code   RO         3245    i.rt_thread_exit    thread.o
    0x08003450   0x08003450   0x00000006   Code   RO         2793    i.rt_thread_idle_entry  idle.o
    0x08003456   0x08003456   0x00000002   PAD
    0x08003458   0x08003458   0x00000064   Code   RO         2794    i.rt_thread_idle_excute  idle.o
    0x080034bc   0x080034bc   0x00000038   Code   RO         2796    i.rt_thread_idle_init  idle.o
    0x080034f4   0x080034f4   0x00000036   Code   RO         3247    i.rt_thread_init    thread.o
    0x0800352a   0x0800352a   0x0000003c   Code   RO         3248    i.rt_thread_resume  thread.o
    0x08003566   0x08003566   0x00000002   PAD
    0x08003568   0x08003568   0x0000000c   Code   RO         3249    i.rt_thread_self    thread.o
    0x08003574   0x08003574   0x00000040   Code   RO         3250    i.rt_thread_sleep   thread.o
    0x080035b4   0x080035b4   0x0000002c   Code   RO         3251    i.rt_thread_startup  thread.o
    0x080035e0   0x080035e0   0x0000003a   Code   RO         3252    i.rt_thread_suspend  thread.o
    0x0800361a   0x0800361a   0x00000020   Code   RO         3253    i.rt_thread_timeout  thread.o
    0x0800363a   0x0800363a   0x00000002   PAD
    0x0800363c   0x0800363c   0x00000060   Code   RO         3254    i.rt_thread_yield   thread.o
    0x0800369c   0x0800369c   0x0000000c   Code   RO         2609    i.rt_tick_get       clock.o
    0x080036a8   0x080036a8   0x0000002c   Code   RO         2610    i.rt_tick_increase  clock.o
    0x080036d4   0x080036d4   0x00000068   Code   RO         3345    i.rt_timer_check    timer.o
    0x0800373c   0x0800373c   0x00000030   Code   RO         3346    i.rt_timer_control  timer.o
    0x0800376c   0x0800376c   0x00000020   Code   RO         3347    i.rt_timer_detach   timer.o
    0x0800378c   0x0800378c   0x00000030   Code   RO         3348    i.rt_timer_init     timer.o
    0x080037bc   0x080037bc   0x0000008c   Code   RO         3350    i.rt_timer_start    timer.o
    0x08003848   0x08003848   0x0000002e   Code   RO         3351    i.rt_timer_stop     timer.o
    0x08003876   0x08003876   0x00000002   PAD
    0x08003878   0x08003878   0x0000027a   Code   RO         2979    i.rt_vsnprintf      kservice.o
    0x08003af2   0x08003af2   0x00000004   Code   RO         2650    i.rti_board_end     components.o
    0x08003af6   0x08003af6   0x00000004   Code   RO         2651    i.rti_board_start   components.o
    0x08003afa   0x08003afa   0x00000004   Code   RO         2652    i.rti_end           components.o
    0x08003afe   0x08003afe   0x00000004   Code   RO         2653    i.rti_start         components.o
    0x08003b02   0x08003b02   0x0000002a   Code   RO         2654    i.rtthread_startup  components.o
    0x08003b2c   0x08003b2c   0x00000030   Code   RO         3450    i.show_wait_queue   cmd.o
    0x08003b5c   0x08003b5c   0x00000028   Code   RO         2981    i.skip_atoi         kservice.o
    0x08003b84   0x08003b84   0x0000000a   Code   RO         3451    i.version           cmd.o
    0x08003b8e   0x08003b8e   0x00000002   PAD
    0x08003b90   0x08003b90   0x00000040   Data   RO           15    .constdata          system_stm32l4xx.o
    0x08003bd0   0x08003bd0   0x00000008   Data   RO           16    .constdata          system_stm32l4xx.o
    0x08003bd8   0x08003bd8   0x00000122   Data   RO         2983    .constdata          kservice.o
    0x08003cfa   0x08003cfa   0x00000002   PAD
    0x08003cfc   0x08003cfc   0x00000104   Data   RO         3452    .constdata          cmd.o
    0x08003e00   0x08003e00   0x0000000b   Data   RO         3561    .constdata          msh.o
    0x08003e0b   0x08003e0b   0x00000014   Data   RO         3607    .constdata          msh_cmd.o
    0x08003e1f   0x08003e1f   0x00000001   PAD
    0x08003e20   0x08003e20   0x0000015d   Data   RO         3453    .conststring        cmd.o
    0x08003f7d   0x08003f7d   0x00000003   PAD
    0x08003f80   0x08003f80   0x00000004   Data   RO         2656    .rti_fn.0           components.o
    0x08003f84   0x08003f84   0x00000004   Data   RO         2657    .rti_fn.0.end       components.o
    0x08003f88   0x08003f88   0x00000008   Data   RO          207    .rti_fn.1           main.o
    0x08003f90   0x08003f90   0x00000004   Data   RO         2658    .rti_fn.1.end       components.o
    0x08003f94   0x08003f94   0x00000004   Data   RO         3645    .rti_fn.6           shell.o
    0x08003f98   0x08003f98   0x00000004   Data   RO         2659    .rti_fn.6.end       components.o
    0x08003f9c   0x08003f9c   0x00000070   Data   RO         3454    FSymTab             cmd.o
    0x0800400c   0x0800400c   0x00000008   Data   RO         3562    FSymTab             msh.o
    0x08004014   0x08004014   0x00000010   Data   RO         3608    FSymTab             msh_cmd.o
    0x08004024   0x08004024   0x00000020   Data   RO         3758    Region$$Table       anon$$obj.o


    Execution Region RW_IRAM1 (Exec base: 0x20000000, Load base: 0x08004044, Size: 0x00000bc8, Max: 0x00028000, ABSOLUTE)

    Exec Addr    Load Addr    Size         Type   Attr      Idx    E Section Name        Object

    0x20000000   0x08004044   0x00000004   Data   RW           17    .data               system_stm32l4xx.o
    0x20000004   0x08004048   0x00000004   Data   RW         1788    .data               stm32l4xx_hal.o
    0x20000008   0x0800404c   0x00000004   Data   RW         2575    .data               cpuport.o
    0x2000000c   0x08004050   0x00000004   Data   RW         2576    .data               cpuport.o
    0x20000010   0x08004054   0x00000004   Data   RW         2577    .data               cpuport.o
    0x20000014   0x08004058   0x00000004   Data   RW         2578    .data               cpuport.o
    0x20000018   0x0800405c   0x00000004   Data   RW         2612    .data               clock.o
    0x2000001c   0x08004060   0x00000001   Data   RW         2931    .data               irq.o
    0x2000001d   0x08004061   0x00000003   PAD
    0x20000020   0x08004064   0x00000008   Data   RW         2984    .data               kservice.o
    0x20000028   0x0800406c   0x00000050   Data   RW         3136    .data               object.o
    0x20000078   0x080040bc   0x00000014   Data   RW         3186    .data               scheduler.o
    0x2000008c   0x080040d0   0x0000000c   Data   RW         3352    .data               timer.o
    0x20000098   0x080040dc   0x00000004   Data   RW         3644    .data               shell.o
    0x2000009c   0x080040e0   0x00000004   Data   RW         3703    .data               symbol.o
    0x200000a0   0x080040e4   0x00000004   Data   RW         3704    .data               symbol.o
    0x200000a4        -       0x00000078   Zero   RW          206    .bss                main.o
    0x2000011c   0x080040e8   0x00000004   PAD
    0x20000120        -       0x00000178   Zero   RW         2655    .bss                components.o
    0x20000298        -       0x000000f8   Zero   RW         2797    .bss                idle.o
    0x20000390        -       0x00000080   Zero   RW         2982    .bss                kservice.o
    0x20000410        -       0x00000040   Zero   RW         3185    .bss                scheduler.o
    0x20000450        -       0x00000374   Zero   RW         3643    .bss                shell.o
    0x200007c4   0x080040e8   0x00000004   PAD
    0x200007c8        -       0x00000400   Zero   RW            1    STACK               startup_stm32l452xx.o


==============================================================================

Image component sizes


      Code (inc. data)   RO Data    RW Data    ZI Data      Debug   Object Name

        98         18          0          0          0       1747   board.o
        56         12          0          4          0       1269   clock.o
      1708        744        721          0          0      20101   cmd.o
       202         34         16          0        376       6284   components.o
       284         26          0          0          0        888   context_rvds.o
       324        168          0         16          0       3666   cpuport.o
       378         58          0          0          0       4963   device.o
       182         24          0          0        248       5190   idle.o
       296          0          0          0          0       6357   ipc.o
        68         18          0          1          0       2198   irq.o
      1588        180        290          8        128      14426   kservice.o
       382         20          8          0        120       3296   main.o
       754        152         19          0          0       7087   msh.o
        14          0         36          0          0       2084   msh_cmd.o
       144          6          0         80          0       5788   object.o
       400         56          0         20         64       7910   scheduler.o
      1104        158          4          4        884       5893   shell.o
        36          8        404          0       1024        832   startup_stm32l452xx.o
        52         12          0          4          0       2426   stm32l4xx_hal.o
       160          4          0          0          0      29625   stm32l4xx_hal_cortex.o
       408         28          0          0          0       2476   stm32l4xx_hal_gpio.o
        72          8          0          0          0        971   stm32l4xx_hal_msp.o
       116         20          0          0          0       1354   stm32l4xx_hal_pwr_ex.o
      1972         96          0          0          0       7288   stm32l4xx_hal_rcc.o
      1094         30          0          0          0       3028   stm32l4xx_hal_rcc_ex.o
      1130         66          0          0          0       5261   stm32l4xx_hal_uart.o
         0          0          0          8          0       4229   symbol.o
       236         28         72          4          0     684885   system_stm32l4xx.o
       672         44          0          0          0      10977   thread.o
       464         14          0         12          0       9532   timer.o

    ----------------------------------------------------------------------
     14432       2032       1608        164       2852     862031   Object Totals
         0          0         32          0          0          0   (incl. Generated)
        38          0          6          3          8          0   (incl. Padding)

    ----------------------------------------------------------------------

      Code (inc. data)   RO Data    RW Data    ZI Data      Debug   Library Member Name

         0          0          0          0          0          0   entry.o
         0          0          0          0          0          0   entry10a.o
         0          0          0          0          0          0   entry11a.o
         8          4          0          0          0          0   entry2.o
         4          0          0          0          0          0   entry5.o
         0          0          0          0          0          0   entry7b.o
         0          0          0          0          0          0   entry8b.o
         8          4          0          0          0          0   entry9a.o
        30          0          0          0          0          0   handlers.o
        36          8          0          0          0         68   init.o
        30          0          0          0          0         68   llshl.o
        32          0          0          0          0         68   llushr.o
        36          0          0          0          0         68   memcpya.o
        36          0          0          0          0        108   memseta.o
        24          0          0          0          0         68   strcat.o
        18          0          0          0          0         68   strcpy.o
        14          0          0          0          0         68   strlen.o
        30          0          0          0          0         80   strncmp.o
       104          0          0          0          0         92   uldiv.o

    ----------------------------------------------------------------------
       412         16          0          0          0        756   Library Totals
         2          0          0          0          0          0   (incl. Padding)

    ----------------------------------------------------------------------

      Code (inc. data)   RO Data    RW Data    ZI Data      Debug   Library Name

       410         16          0          0          0        756   mc_w.l

    ----------------------------------------------------------------------
       412         16          0          0          0        756   Library Totals

    ----------------------------------------------------------------------

==============================================================================


      Code (inc. data)   RO Data    RW Data    ZI Data      Debug   

     14844       2048       1608        164       2852     848779   Grand Totals
     14844       2048       1608        164       2852     848779   ELF Image Totals
     14844       2048       1608        164          0          0   ROM Totals

==============================================================================

    Total RO  Size (Code + RO Data)                16452 (  16.07kB)
    Total RW  Size (RW Data + ZI Data)              3016 (   2.95kB)
    Total ROM Size (Code + RO Data + RW Data)      16616 (  16.23kB)

==============================================================================

